Component: ARM Compiler 5.06 update 6 (build 750) Tool: armlink [4d35ed]

==============================================================================

Section Cross References

    startup_tm4c123.o(STACK) refers (Special) to heapauxi.o(.text) for __use_two_region_memory
    startup_tm4c123.o(HEAP) refers (Special) to heapauxi.o(.text) for __use_two_region_memory
    startup_tm4c123.o(RESET) refers (Special) to heapauxi.o(.text) for __use_two_region_memory
    startup_tm4c123.o(RESET) refers to startup_tm4c123.o(STACK) for __initial_sp
    startup_tm4c123.o(RESET) refers to startup_tm4c123.o(.text) for Reset_Handler
    startup_tm4c123.o(RESET) refers to uart.o(.text) for UART1_Handler
    startup_tm4c123.o(RESET) refers to timer0.o(.text) for TIMER0A_Handler
    startup_tm4c123.o(RESET) refers to timer1.o(.text) for TIMER1A_Handler
    startup_tm4c123.o(.text) refers (Special) to heapauxi.o(.text) for __use_two_region_memory
    startup_tm4c123.o(.text) refers to __main.o(!!!main) for __main
    startup_tm4c123.o(.text) refers to main.o(.text) for GPIOPortE_Handler
    startup_tm4c123.o(.text) refers to startup_tm4c123.o(HEAP) for Heap_Mem
    startup_tm4c123.o(.text) refers to startup_tm4c123.o(STACK) for Stack_Mem
    main.o(.text) refers to st7735.o(.text) for ST7735_DrawPixel(short, short, unsigned short)
    main.o(.text) refers to random.o(.text) for Random_Init(unsigned)
    main.o(.text) refers to buttons.o(.text) for FireButton()
    main.o(.text) refers to new.o(i._Znwj) for operator new(unsigned)
    main.o(.text) refers to playership.o(.text) for PlayerShip::Gety()
    main.o(.text) refers to bullet.o(.text) for Bullet::Bullet(unsigned char, unsigned char)
    main.o(.text) refers to main.o(t._ZN4ListI6BulletE6removeEP4NodeIS0_E) for List<Bullet>::remove(Node<Bullet>*)
    main.o(.text) refers to slidepot.o(.text) for ADC_In()
    main.o(.text) refers to pll.o(.text) for PLL_Init(unsigned)
    main.o(.text) refers to startup_tm4c123.o(.text) for EnableInterrupts
    main.o(.text) refers to timer1.o(.text) for Timer1_Init(void(*)(), unsigned)
    main.o(.text) refers to timer0.o(.text) for Timer0_Init(void(*)(), unsigned)
    main.o(.text) refers to aeabi_atexit.o(.text) for __aeabi_atexit
    main.o(.text) refers to main.o(.data) for TerrainIndex
    main.o(.text) refers to main.o(.constdata) for TerrainData
    main.o(.text) refers to main.o(.bss) for Player
    main.o(.text) refers to main.o(t._ZN4ListI6BulletED1Ev) for List<Bullet>::~List()
    main.o(.ARM.exidx) refers to main.o(.text) for .text
    main.o(.init_array) refers to main.o(.text) for __sti___8_main_cpp_dbfa395a
    main.o(.init_array) refers to init_aeabi.o(.text) for __cpp_initialize__aeabi_
    dac.o(.ARM.exidx) refers to dac.o(.text) for .text
    pll.o(.ARM.exidx) refers to pll.o(.text) for .text
    random.o(.text) refers to random.o(.data) for M
    random.o(.ARM.exidx) refers to random.o(.text) for .text
    st7735.o(.text) refers to st7735.o(.data) for RowStart
    st7735.o(.text) refers to st7735.o(.constdata) for Bcmd
    st7735.o(.text) refers to st7735.o(.bss) for Message
    st7735.o(.ARM.exidx) refers to st7735.o(.text) for .text
    slidepot.o(.ARM.exidx) refers to slidepot.o(.text) for .text
    sound.o(.ARM.exidx) refers to sound.o(.text) for .text
    timer0.o(.text) refers to timer0.o(.data) for PeriodicTask0
    timer0.o(.ARM.exidx) refers to timer0.o(.text) for .text
    timer1.o(.text) refers to timer1.o(.data) for PeriodicTask1
    timer1.o(.ARM.exidx) refers to timer1.o(.text) for .text
    uart.o(.text) refers to fifo.o(.text) for Queue::Queue()
    uart.o(.text) refers to uart.o(.bss) for RxFifo
    uart.o(.ARM.exidx) refers to uart.o(.text) for .text
    uart.o(.init_array) refers to uart.o(.text) for __sti___8_UART_cpp_RxFifo
    uart.o(.init_array) refers to init_aeabi.o(.text) for __cpp_initialize__aeabi_
    fifo.o(.ARM.exidx) refers to fifo.o(.text) for .text
    playership.o(.text) refers to playership.o(i._ZN6SpriteC1EPKthh) for Sprite::Sprite(const unsigned short*, unsigned char, unsigned char)
    playership.o(.text) refers to sprite.o(.text) for Sprite::Draw(unsigned char, unsigned char)
    playership.o(.text) refers to playership.o(.constdata) for PlayerShipR
    playership.o(.ARM.exidx) refers to playership.o(.text) for .text
    sprite.o(.text) refers to st7735.o(.text) for ST7735_DrawBitmap(short, short, const unsigned short*, short, short)
    sprite.o(.ARM.exidx) refers to sprite.o(.text) for .text
    bullet.o(.text) refers to playership.o(i._ZN6SpriteC1EPKthh) for Sprite::Sprite(const unsigned short*, unsigned char, unsigned char)
    bullet.o(.text) refers to sprite.o(.text) for Sprite::Draw(unsigned char, unsigned char)
    bullet.o(.text) refers to bullet.o(.constdata) for BulletImage
    bullet.o(.ARM.exidx) refers to bullet.o(.text) for .text
    buttons.o(.ARM.exidx) refers to buttons.o(.text) for .text
[...]
    lib_rtti_impl.o(.constdata__ZTIN10__cxxabiv117__pbase_type_infoE) refers to lib_rtti_impl.o(.constdata__ZTVN10__cxxabiv120__si_class_type_infoE) for vtable for __cxxabiv1::__si_class_type_info
    lib_rtti_impl.o(.constdata__ZTIN10__cxxabiv117__pbase_type_infoE) refers to lib_rtti_impl.o(.constdata__ZTSN10__cxxabiv117__pbase_type_infoE) for typeinfo name for __cxxabiv1::__pbase_type_info
    lib_rtti_impl.o(.constdata__ZTIN10__cxxabiv117__pbase_type_infoE) refers to type_info_dtor.o(.constdata__ZTISt9type_info) for typeinfo for std::type_info
    lib_rtti_impl.o(.constdata__ZTIN10__cxxabiv119__pointer_type_infoE) refers to lib_rtti_impl.o(.constdata__ZTVN10__cxxabiv120__si_class_type_infoE) for vtable for __cxxabiv1::__si_class_type_info
    lib_rtti_impl.o(.constdata__ZTIN10__cxxabiv119__pointer_type_infoE) refers to lib_rtti_impl.o(.constdata__ZTSN10__cxxabiv119__pointer_type_infoE) for typeinfo name for __cxxabiv1::__pointer_type_info
    lib_rtti_impl.o(.constdata__ZTIN10__cxxabiv119__pointer_type_infoE) refers to lib_rtti_impl.o(.constdata__ZTIN10__cxxabiv117__pbase_type_infoE) for typeinfo for __cxxabiv1::__pbase_type_info
    lib_rtti_impl.o(.constdata__ZTIN10__cxxabiv129__pointer_to_member_type_infoE) refers to lib_rtti_impl.o(.constdata__ZTVN10__cxxabiv120__si_class_type_infoE) for vtable for __cxxabiv1::__si_class_type_info
    lib_rtti_impl.o(.constdata__ZTIN10__cxxabiv129__pointer_to_member_type_infoE) refers to lib_rtti_impl.o(.constdata__ZTSN10__cxxabiv129__pointer_to_member_type_infoE) for typeinfo name for __cxxabiv1::__pointer_to_member_type_info
    lib_rtti_impl.o(.constdata__ZTIN10__cxxabiv129__pointer_to_member_type_infoE) refers to lib_rtti_impl.o(.constdata__ZTIN10__cxxabiv117__pbase_type_infoE) for typeinfo for __cxxabiv1::__pbase_type_info
    lib_rtti_impl.o(i.__ARM_common_noexcept_landing) refers to arm_exceptions_callterm.o(.text) for __cxa_call_terminate
    lib_rtti_impl.o(.ARM.exidx) refers to lib_rtti_impl.o(i.__ARM_common_noexcept_landing) for i.__ARM_common_noexcept_landing
    type_info_dtor.o(.constdata__ZTVSt9type_info) refers to type_info_dtor.o(.constdata__ZTISt9type_info) for typeinfo for std::type_info
    type_info_dtor.o(.constdata__ZTVSt9type_info) refers to type_info_dtor.o(i._ZNSt9type_infoD1Ev) for std::type_info::~type_info()
    type_info_dtor.o(.constdata__ZTVSt9type_info) refers to type_info_dtor.o(i._ZNSt9type_infoD0Ev) for std::type_info::~type_info__deallocating()
    type_info_dtor.o(.constdata__ZTISt9type_info) refers to lib_rtti_impl.o(.constdata__ZTVN10__cxxabiv117__class_type_infoE) for vtable for __cxxabiv1::__class_type_info
    type_info_dtor.o(.constdata__ZTISt9type_info) refers to type_info_dtor.o(.constdata__ZTSSt9type_info) for typeinfo name for std::type_info


==============================================================================

Removing Unused input sections from the image.

    Removing main.o(.ARM.exidx), (8 bytes).
    Removing dac.o(.text), (92 bytes).
    Removing dac.o(.ARM.exidx), (8 bytes).
    Removing pll.o(.ARM.exidx), (8 bytes).
    Removing random.o(.ARM.exidx), (8 bytes).
    Removing st7735.o(.ARM.exidx), (8 bytes).
    Removing slidepot.o(.ARM.exidx), (8 bytes).
    Removing sound.o(.text), (20 bytes).
    Removing sound.o(.ARM.exidx), (8 bytes).
    Removing timer0.o(.ARM.exidx), (8 bytes).
    Removing timer1.o(.ARM.exidx), (8 bytes).
    Removing uart.o(.ARM.exidx), (8 bytes).
    Removing fifo.o(.ARM.exidx), (8 bytes).
    Removing playership.o(.ARM.exidx), (8 bytes).
    Removing sprite.o(.ARM.exidx), (8 bytes).
    Removing bullet.o(.ARM.exidx), (8 bytes).
    Removing bullet.o(.data), (1 bytes).
    Removing buttons.o(.ARM.exidx), (8 bytes).
    Removing main.o(.ARM.exidx), (8 bytes).
    Removing main.o(.ARM.exidx), (8 bytes).
    Removing playership.o(.ARM.exidx), (8 bytes).

21 unused section(s) (total 257 bytes) removed from the image.

==============================================================================

Image Symbol Table

    Local Symbols

    Symbol Name                              Value     Ov Type        Size  Object(Section)

    RESET                                    0x00000000   Section      620  startup_tm4c123.o(RESET)
    ../../../clib/unwind_pr.c                0x00000000   Number         0  unwind_prcommon.o ABSOLUTE
    ../../../clib/unwind_pr.c                0x00000000   Number         0  unwind_pr0.o ABSOLUTE
    ../../../clib/unwinder.c                 0x00000000   Number         0  unwind_activity.o ABSOLUTE
    ../../../clib/unwinder.c                 0x00000000   Number         0  unwind_activity.o ABSOLUTE
    ../../../clib/unwinder.c                 0x00000000   Number         0  unwinder.o ABSOLUTE
    ../../../clib/unwinder.c                 0x00000000   Number         0  unwinder.o ABSOLUTE
    ../../../edgfe/lib_src/arm_exceptions.c  0x00000000   Number         0  arm_exceptions_mem.o ABSOLUTE
    ../../../edgfe/lib_src/arm_exceptions.c  0x00000000   Number         0  arm_exceptions_globs.o ABSOLUTE
    ../../../edgfe/lib_src/arm_exceptions.c  0x00000000   Number         0  arm_exceptions_support.o ABSOLUTE
    ../../../edgfe/lib_src/arm_exceptions.c  0x00000000   Number         0  arm_exceptions_terminate.o ABSOLUTE
    ../../../edgfe/lib_src/arm_exceptions.c  0x00000000   Number         0  arm_exceptions_callterm.o ABSOLUTE
    ../../../edgfe/lib_src/arm_noexceptions.c 0x00000000   Number         0  arm_callunex_noexceptions.o ABSOLUTE
    ../../../edgfe/lib_src/arm_noexceptions.c 0x00000000   Number         0  arm_newhandler_noexceptions.o ABSOLUTE
    ../../../edgfe/lib_src/arm_noexceptions.c 0x00000000   Number         0  arm_begincatch_noexceptions.o ABSOLUTE
    ../../../edgfe/lib_src/bad_alloc.c       0x00000000   Number         0  bad_alloc_dtor.o ABSOLUTE
    ../../../edgfe/lib_src/bad_alloc.c       0x00000000   Number         0  bad_alloc_what.o ABSOLUTE
    ../../../edgfe/lib_src/delete.c          0x00000000   Number         0  delete.o ABSOLUTE
    ../../../edgfe/lib_src/exception.c       0x00000000   Number         0  exception_what.o ABSOLUTE
    ../../../edgfe/lib_src/exception.c       0x00000000   Number         0  exception_dtor.o ABSOLUTE
    ../../../edgfe/lib_src/new.c             0x00000000   Number         0  new.o ABSOLUTE
    ../../../edgfe/lib_src/typeinfo.c        0x00000000   Number         0  lib_rtti_impl.o ABSOLUTE
    ../../../edgfe/lib_src/typeinfo.c        0x00000000   Number         0  type_info_dtor.o ABSOLUTE
    ../clib/angel/boardlib.s                 0x00000000   Number         0  boardinit3.o ABSOLUTE
    ../clib/angel/boardlib.s                 0x00000000   Number         0  boardinit2.o ABSOLUTE
    ../clib/angel/boardlib.s                 0x00000000   Number         0  boardinit1.o ABSOLUTE
    ../clib/angel/boardlib.s                 0x00000000   Number         0  boardshut.o ABSOLUTE
    ../clib/angel/handlers.s                 0x00000000   Number         0  __scatter_zi.o ABSOLUTE
    ../clib/angel/handlers.s                 0x00000000   Number         0  __scatter_copy.o ABSOLUTE
    ../clib/angel/kernel.s                   0x00000000   Number         0  rtexit2.o ABSOLUTE
    ../clib/angel/kernel.s                   0x00000000   Number         0  rtexit.o ABSOLUTE
    ../clib/angel/kernel.s                   0x00000000   Number         0  __rtentry2.o ABSOLUTE
    ../clib/angel/kernel.s                   0x00000000   Number         0  __rtentry4.o ABSOLUTE
    ../clib/angel/kernel.s                   0x00000000   Number         0  __rtentry.o ABSOLUTE
    ../clib/angel/rt.s                       0x00000000   Number         0  rt_ddtor_pointer_addr.o ABSOLUTE
    ../clib/angel/rt.s                       0x00000000   Number         0  rt_ddtor_pointer_addr_intlibspace.o ABSOLUTE
    ../clib/angel/rt.s                       0x00000000   Number         0  rt_eh_globals_addr_intlibspace.o ABSOLUTE
    ../clib/angel/rt.s                       0x00000000   Number         0  rt_heap_descriptor.o ABSOLUTE
    ../clib/angel/rt.s                       0x00000000   Number         0  rt_eh_globals_addr.o ABSOLUTE
    ../clib/angel/rt.s                       0x00000000   Number         0  rt_raise.o ABSOLUTE
    ../clib/angel/rt.s                       0x00000000   Number         0  rt_heap_descriptor_intlibspace.o ABSOLUTE
    ../clib/angel/rt.s                       0x00000000   Number         0  rt_new_handler_addr.o ABSOLUTE
    ../clib/angel/rt.s                       0x00000000   Number         0  rt_new_handler_addr_intlibspace.o ABSOLUTE
    ../clib/angel/scatter.s                  0x00000000   Number         0  __scatter.o ABSOLUTE
    ../clib/angel/startup.s                  0x00000000   Number         0  __main.o ABSOLUTE
    ../clib/angel/sys.s                      0x00000000   Number         0  mutex_dummy.o ABSOLUTE
    ../clib/angel/sys.s                      0x00000000   Number         0  use_no_semi.o ABSOLUTE
    ../clib/angel/sys.s                      0x00000000   Number         0  indicate_semi.o ABSOLUTE
    ../clib/angel/sys.s                      0x00000000   Number         0  libspace.o ABSOLUTE
    ../clib/angel/sys.s                      0x00000000   Number         0  sys_stackheap_outer.o ABSOLUTE
    ../clib/angel/sysapp.c                   0x00000000   Number         0  sys_wrch.o ABSOLUTE
    ../clib/angel/sysapp.c                   0x00000000   Number         0  sys_exit.o ABSOLUTE
    ../clib/angel/sysapp.c                   0x00000000   Number         0  sys_command.o ABSOLUTE
    ../clib/arm_runtime.c                    0x00000000   Number         0  init_aeabi.o ABSOLUTE
    ../clib/arm_runtime.c                    0x00000000   Number         0  init_aeabi.o ABSOLUTE
    ../clib/armsys.c                         0x00000000   Number         0  no_argv.o ABSOLUTE
    ../clib/armsys.c                         0x00000000   Number         0  argv_veneer.o ABSOLUTE
    ../clib/armsys.c                         0x00000000   Number         0  _get_argv_nomalloc.o ABSOLUTE
    ../clib/armsys.c                         0x00000000   Number         0  argv_veneer.o ABSOLUTE
    ../clib/armsys.c                         0x00000000   Number         0  _get_argv.o ABSOLUTE
    ../clib/heap1.c                          0x00000000   Number         0  h1_free.o ABSOLUTE
    ../clib/heap1.c                          0x00000000   Number         0  h1_alloc.o ABSOLUTE
    ../clib/heap1.c                          0x00000000   Number         0  h1_extend.o ABSOLUTE
    ../clib/heap1.c                          0x00000000   Number         0  h1_extend_mt.o ABSOLUTE
    ../clib/heap1.c                          0x00000000   Number         0  h1_init.o ABSOLUTE
    ../clib/heap1.c                          0x00000000   Number         0  h1_init_mt.o ABSOLUTE
    ../clib/heap1.c                          0x00000000   Number         0  h1_final.o ABSOLUTE
    ../clib/heap1.c                          0x00000000   Number         0  h1_final_mt.o ABSOLUTE
    ../clib/heap1.c                          0x00000000   Number         0  h1_free_mt.o ABSOLUTE
    ../clib/heap1.c                          0x00000000   Number         0  h1_alloc_mt.o ABSOLUTE
    ../clib/heap2.c                          0x00000000   Number         0  heap2.o ABSOLUTE
    ../clib/heap2.c                          0x00000000   Number         0  heap2mt.o ABSOLUTE
    ../clib/heap2.c                          0x00000000   Number         0  fdtree.o ABSOLUTE
    ../clib/heapalloc.c                      0x00000000   Number         0  maybetermalloc2.o ABSOLUTE
    ../clib/heapalloc.c                      0x00000000   Number         0  maybetermalloc2.o ABSOLUTE
    ../clib/heapalloc.c                      0x00000000   Number         0  heapstubs.o ABSOLUTE
    ../clib/heapalloc.c                      0x00000000   Number         0  term_alloc.o ABSOLUTE
    ../clib/heapalloc.c                      0x00000000   Number         0  hguard.o ABSOLUTE
    ../clib/heapalloc.c                      0x00000000   Number         0  init_alloc.o ABSOLUTE
    ../clib/heapalloc.c                      0x00000000   Number         0  free.o ABSOLUTE
    ../clib/heapalloc.c                      0x00000000   Number         0  malloc.o ABSOLUTE
    ../clib/heapalloc.c                      0x00000000   Number         0  hrguard.o ABSOLUTE
    ../clib/heapalloc.c                      0x00000000   Number         0  maybetermalloc1.o ABSOLUTE
    ../clib/heapalloc.c                      0x00000000   Number         0  maybetermalloc1.o ABSOLUTE
    ../clib/heapaux.c                        0x00000000   Number         0  heapauxa.o ABSOLUTE
    ../clib/heapaux.c                        0x00000000   Number         0  heapauxi.o ABSOLUTE
    ../clib/libinit.s                        0x00000000   Number         0  libinit2.o ABSOLUTE
    ../clib/libinit.s                        0x00000000   Number         0  libshutdown2.o ABSOLUTE
    ../clib/libinit.s                        0x00000000   Number         0  libshutdown.o ABSOLUTE
    ../clib/libinit.s                        0x00000000   Number         0  libinit.o ABSOLUTE
    ../clib/memcpset.s                       0x00000000   Number         0  rt_memcpy_w.o ABSOLUTE
    ../clib/signal.c                         0x00000000   Number         0  defsig_stak_inner.o ABSOLUTE
    ../clib/signal.c                         0x00000000   Number         0  defsig_pvfn_inner.o ABSOLUTE
    ../clib/signal.c                         0x00000000   Number         0  defsig_cppl_inner.o ABSOLUTE
    ../clib/signal.c                         0x00000000   Number         0  defsig_segv_inner.o ABSOLUTE
    ../clib/signal.c                         0x00000000   Number         0  defsig_other.o ABSOLUTE
    ../clib/signal.c                         0x00000000   Number         0  defsig_abrt_formal.o ABSOLUTE
    ../clib/signal.c                         0x00000000   Number         0  defsig_rtmem_outer.o ABSOLUTE
    ../clib/signal.c                         0x00000000   Number         0  defsig_rtmem_formal.o ABSOLUTE
    ../clib/signal.c                         0x00000000   Number         0  defsig_exit.o ABSOLUTE
    ../clib/signal.c                         0x00000000   Number         0  defsig_abrt_outer.o ABSOLUTE
    ../clib/signal.c                         0x00000000   Number         0  defsig_rtmem_inner.o ABSOLUTE
    ../clib/signal.c                         0x00000000   Number         0  __raise.o ABSOLUTE
    ../clib/signal.c                         0x00000000   Number         0  defsig_general.o ABSOLUTE
    ../clib/signal.c                         0x00000000   Number         0  defsig_abrt_inner.o ABSOLUTE
    ../clib/signal.c                         0x00000000   Number         0  defsig_fpe_inner.o ABSOLUTE
    ../clib/signal.c                         0x00000000   Number         0  defsig_rtred_inner.o ABSOLUTE
    ../clib/signal.s                         0x00000000   Number         0  defsig.o ABSOLUTE
    ../clib/stdlib.c                         0x00000000   Number         0  aeabi_atexit.o ABSOLUTE
    ../clib/stdlib.c                         0x00000000   Number         0  abort.o ABSOLUTE
    ../clib/stdlib.c                         0x00000000   Number         0  exit.o ABSOLUTE
    ../clib/stdlib.c                         0x00000000   Number         0  cxa_finalize.o ABSOLUTE
    ../clib/stdlib.c                         0x00000000   Number         0  bsearchnoex.o ABSOLUTE
    ../clib/stdlib.c                         0x00000000   Number         0  atexit_aeabi.o ABSOLUTE
    ../fplib/fpinit.s                        0x00000000   Number         0  fpinit.o ABSOLUTE
    Bullet.cpp                               0x00000000   Number         0  bullet.o ABSOLUTE
    Buttons.cpp                              0x00000000   Number         0  buttons.o ABSOLUTE
    DAC.cpp                                  0x00000000   Number         0  dac.o ABSOLUTE
    FIFO.cpp                                 0x00000000   Number         0  fifo.o ABSOLUTE
    PLL.cpp                                  0x00000000   Number         0  pll.o ABSOLUTE
    PlayerShip.cpp                           0x00000000   Number         0  playership.o ABSOLUTE
    ST7735.cpp                               0x00000000   Number         0  st7735.o ABSOLUTE
    SlidePot.cpp                             0x00000000   Number         0  slidepot.o ABSOLUTE
    Sound.cpp                                0x00000000   Number         0  sound.o ABSOLUTE
    Sprite.cpp                               0x00000000   Number         0  sprite.o ABSOLUTE
    Timer0.cpp                               0x00000000   Number         0  timer0.o ABSOLUTE
    Timer1.cpp                               0x00000000   Number         0  timer1.o ABSOLUTE
    UART.cpp                                 0x00000000   Number         0  uart.o ABSOLUTE
    dc.s                                     0x00000000   Number         0  dc.o ABSOLUTE
    main.cpp                                 0x00000000   Number         0  main.o ABSOLUTE
    random.cpp                               0x00000000   Number         0  random.o ABSOLUTE
    startup_TM4C123.s                        0x00000000   Number         0  startup_tm4c123.o ABSOLUTE
    !!!main                                  0x0000026c   Section        8  __main.o(!!!main)
    !!!scatter                               0x00000274   Section       52  __scatter.o(!!!scatter)
    !!handler_copy                           0x000002a8   Section       26  __scatter_copy.o(!!handler_copy)
    !!handler_zi                             0x000002c4   Section       28  __scatter_zi.o(!!handler_zi)
    .ARM.Collect$$libinit$$00000000          0x000002e0   Section        2  libinit.o(.ARM.Collect$$libinit$$00000000)
    .ARM.Collect$$libinit$$00000002          0x000002e2   Section        0  libinit2.o(.ARM.Collect$$libinit$$00000002)
    .ARM.Collect$$libinit$$00000004          0x000002e2   Section        0  libinit2.o(.ARM.Collect$$libinit$$00000004)
    .ARM.Collect$$libinit$$00000005          0x000002e2   Section        8  libinit2.o(.ARM.Collect$$libinit$$00000005)
    .ARM.Collect$$libinit$$0000000A          0x000002ea   Section        0  libinit2.o(.ARM.Collect$$libinit$$0000000A)
    .ARM.Collect$$libinit$$0000000C          0x000002ea   Section        0  libinit2.o(.ARM.Collect$$libinit$$0000000C)
    .ARM.Collect$$libinit$$0000000E          0x000002ea   Section        0  libinit2.o(.ARM.Collect$$libinit$$0000000E)
    .ARM.Collect$$libinit$$00000011          0x000002ea   Section        0  libinit2.o(.ARM.Collect$$libinit$$00000011)
    .ARM.Collect$$libinit$$00000013          0x000002ea   Section        0  libinit2.o(.ARM.Collect$$libinit$$00000013)
    .ARM.Collect$$libinit$$00000015          0x000002ea   Section        0  libinit2.o(.ARM.Collect$$libinit$$00000015)
    .ARM.Collect$$libinit$$00000017          0x000002ea   Section        0  libinit2.o(.ARM.Collect$$libinit$$00000017)
    .ARM.Collect$$libinit$$00000019          0x000002ea   Section        0  libinit2.o(.ARM.Collect$$libinit$$00000019)
    .ARM.Collect$$libinit$$0000001B          0x000002ea   Section        0  libinit2.o(.ARM.Collect$$libinit$$0000001B)
    .ARM.Collect$$libinit$$0000001D          0x000002ea   Section        0  libinit2.o(.ARM.Collect$$libinit$$0000001D)
    .ARM.Collect$$libinit$$0000001F          0x000002ea   Section        0  libinit2.o(.ARM.Collect$$libinit$$0000001F)
    .ARM.Collect$$libinit$$00000021          0x000002ea   Section        0  libinit2.o(.ARM.Collect$$libinit$$00000021)
    .ARM.Collect$$libinit$$00000023          0x000002ea   Section        0  libinit2.o(.ARM.Collect$$libinit$$00000023)
    .ARM.Collect$$libinit$$00000025          0x000002ea   Section        0  libinit2.o(.ARM.Collect$$libinit$$00000025)
    .ARM.Collect$$libinit$$0000002C          0x000002ea   Section        0  libinit2.o(.ARM.Collect$$libinit$$0000002C)
    .ARM.Collect$$libinit$$0000002E          0x000002ea   Section        0  libinit2.o(.ARM.Collect$$libinit$$0000002E)
    .ARM.Collect$$libinit$$00000030          0x000002ea   Section        0  libinit2.o(.ARM.Collect$$libinit$$00000030)
    .ARM.Collect$$libinit$$00000031          0x000002ea   Section        4  libinit2.o(.ARM.Collect$$libinit$$00000031)
    .ARM.Collect$$libinit$$00000032          0x000002ee   Section        0  libinit2.o(.ARM.Collect$$libinit$$00000032)
    .ARM.Collect$$libinit$$00000033          0x000002ee   Section        2  libinit2.o(.ARM.Collect$$libinit$$00000033)
    .ARM.Collect$$libshutdown$$00000000      0x000002f0   Section        2  libshutdown.o(.ARM.Collect$$libshutdown$$00000000)
    .ARM.Collect$$libshutdown$$00000001      0x000002f2   Section        6  libshutdown2.o(.ARM.Collect$$libshutdown$$00000001)
    .ARM.Collect$$libshutdown$$00000002      0x000002f8   Section        0  libshutdown2.o(.ARM.Collect$$libshutdown$$00000002)
    .ARM.Collect$$libshutdown$$00000004      0x000002f8   Section        0  libshutdown2.o(.ARM.Collect$$libshutdown$$00000004)
    .ARM.Collect$$libshutdown$$00000007      0x000002f8   Section        0  libshutdown2.o(.ARM.Collect$$libshutdown$$00000007)
    .ARM.Collect$$libshutdown$$0000000A      0x000002f8   Section        0  libshutdown2.o(.ARM.Collect$$libshutdown$$0000000A)
    .ARM.Collect$$libshutdown$$0000000C      0x000002f8   Section        0  libshutdown2.o(.ARM.Collect$$libshutdown$$0000000C)
    .ARM.Collect$$libshutdown$$0000000F      0x000002f8   Section        0  libshutdown2.o(.ARM.Collect$$libshutdown$$0000000F)
    .ARM.Collect$$libshutdown$$00000010      0x000002f8   Section        2  libshutdown2.o(.ARM.Collect$$libshutdown$$00000010)
    .ARM.Collect$$rtentry$$00000000          0x000002fa   Section        0  __rtentry.o(.ARM.Collect$$rtentry$$00000000)
    .ARM.Collect$$rtentry$$00000002          0x000002fa   Section        0  __rtentry2.o(.ARM.Collect$$rtentry$$00000002)
    .ARM.Collect$$rtentry$$00000004          0x000002fa   Section        6  __rtentry4.o(.ARM.Collect$$rtentry$$00000004)
    .ARM.Collect$$rtentry$$00000009          0x00000300   Section        0  __rtentry2.o(.ARM.Collect$$rtentry$$00000009)
    .ARM.Collect$$rtentry$$0000000A          0x00000300   Section        4  __rtentry2.o(.ARM.Collect$$rtentry$$0000000A)
    .ARM.Collect$$rtentry$$0000000C          0x00000304   Section        0  __rtentry2.o(.ARM.Collect$$rtentry$$0000000C)
    .ARM.Collect$$rtentry$$0000000D          0x00000304   Section        8  __rtentry2.o(.ARM.Collect$$rtentry$$0000000D)
    .ARM.Collect$$rtexit$$00000000           0x0000030c   Section        2  rtexit.o(.ARM.Collect$$rtexit$$00000000)
    .ARM.Collect$$rtexit$$00000002           0x0000030e   Section        0  rtexit2.o(.ARM.Collect$$rtexit$$00000002)
    .ARM.Collect$$rtexit$$00000003           0x0000030e   Section        4  rtexit2.o(.ARM.Collect$$rtexit$$00000003)
    .ARM.Collect$$rtexit$$00000004           0x00000312   Section        6  rtexit2.o(.ARM.Collect$$rtexit$$00000004)
    .emb_text                                0x00000318   Section        0  maybetermalloc1.o(.emb_text)
    .text                                    0x00000318   Section      304  startup_tm4c123.o(.text)
    .text                                    0x00000448   Section        0  main.o(.text)
    __sti___8_main_cpp_dbfa395a              0x000006cb   Thumb Code    38  main.o(.text)
    .text                                    0x00000738   Section        0  pll.o(.text)
    .text                                    0x000007b4   Section        0  random.o(.text)
    .text                                    0x000007f4   Section        0  st7735.o(.text)
    writecommand(unsigned char)              0x000007f5   Thumb Code    46  st7735.o(.text)
    writedata(unsigned char)                 0x00000823   Thumb Code    26  st7735.o(.text)
    deselect()                               0x0000083d   Thumb Code    24  st7735.o(.text)
    commandList(const unsigned char*)        0x00000875   Thumb Code    86  st7735.o(.text)
    commonInit(const unsigned char*)         0x000008cb   Thumb Code   342  st7735.o(.text)
    setAddrWindow(unsigned char, unsigned char, unsigned char, unsigned char) 0x00000a21   Thumb Code   106  st7735.o(.text)
    pushColor(unsigned short)                0x00000c41   Thumb Code    18  st7735.o(.text)
    .text                                    0x000018a4   Section        0  slidepot.o(.text)
    .text                                    0x00001a1c   Section        0  timer0.o(.text)
    .text                                    0x00001a8c   Section        0  timer1.o(.text)
    .text                                    0x00001afc   Section        0  uart.o(.text)
    __sti___8_UART_cpp_RxFifo                0x00001b4b   Thumb Code    10  uart.o(.text)
    .text                                    0x00001b58   Section        0  fifo.o(.text)
    .text                                    0x00001b74   Section        0  playership.o(.text)
    .text                                    0x00001cf4   Section        0  sprite.o(.text)
    .text                                    0x00001d10   Section        0  bullet.o(.text)
    .text                                    0x00001dd4   Section        0  buttons.o(.text)
    .text                                    0x00001ed4   Section        0  aeabi_atexit.o(.text)
    .text                                    0x00001f02   Section        0  heapauxi.o(.text)
    .text                                    0x00001f08   Section        0  init_aeabi.o(.text)
    .text                                    0x00001f2c   Section        8  rt_new_handler_addr_intlibspace.o(.text)
    .text                                    0x00001f34   Section        8  rt_ddtor_pointer_addr_intlibspace.o(.text)
    .text                                    0x00001f3c   Section        0  h1_alloc.o(.text)
    .text                                    0x00001f9a   Section        0  h1_free.o(.text)
    .text                                    0x00001fe8   Section        0  cxa_finalize.o(.text)
    .text                                    0x0000202a   Section        0  arm_newhandler_noexceptions.o(.text)
    .text                                    0x00002030   Section        8  libspace.o(.text)
    .text                                    0x00002038   Section        8  rt_heap_descriptor_intlibspace.o(.text)
    .text                                    0x00002040   Section        0  hguard.o(.text)
    .text                                    0x00002044   Section        0  init_alloc.o(.text)
    .text                                    0x000020ce   Section        0  h1_init.o(.text)
    .text                                    0x000020dc   Section        0  arm_exceptions_terminate.o(.text)
    .text                                    0x000020f6   Section       74  sys_stackheap_outer.o(.text)
    .text                                    0x00002140   Section        0  h1_extend.o(.text)
    .text                                    0x00002174   Section        0  exit.o(.text)
    .text                                    0x00002186   Section        0  abort.o(.text)
    .text                                    0x0000219c   Section        0  defsig_rtmem_outer.o(.text)
    .text                                    0x000021ac   Section        0  arm_exceptions_globs.o(.text)
    [local to arm_exceptions_c]::__default_terminate_handler() 0x000021ad   Thumb Code     6  arm_exceptions_globs.o(.text)
    .text                                    0x000021fc   Section        0  sys_exit.o(.text)
    .text                                    0x00002208   Section        2  use_no_semi.o(.text)
    .text                                    0x0000220a   Section        0  indicate_semi.o(.text)
    .text                                    0x0000220c   Section        8  rt_eh_globals_addr_intlibspace.o(.text)
    .text                                    0x00002214   Section        0  defsig_exit.o(.text)
    .text                                    0x0000221e   Section        0  defsig_abrt_outer.o(.text)
    .text                                    0x0000222c   Section        0  defsig_rtmem_inner.o(.text)
    .text                                    0x0000227c   Section        0  arm_exceptions_mem.o(.text)
    .text                                    0x000022b8   Section        0  defsig_general.o(.text)
    .text                                    0x000022ec   Section        0  defsig_abrt_inner.o(.text)
    .text                                    0x0000231c   Section        0  sys_wrch.o(.text)
    i._ZN6SpriteC1EPKthh                     0x0000232a   Section        0  playership.o(i._ZN6SpriteC1EPKthh)
    i._ZdlPv                                 0x00002332   Section        0  delete.o(i._ZdlPv)
    i._Znwj                                  0x0000233c   Section        0  new.o(i._Znwj)
    t._ZN4ListI6BulletE6removeEP4NodeIS0_E   0x00002364   Section        0  main.o(t._ZN4ListI6BulletE6removeEP4NodeIS0_E)
    t._ZN4ListI6BulletED1Ev                  0x00002392   Section        0  main.o(t._ZN4ListI6BulletED1Ev)
    .constdata                               0x000023ac   Section     1120  main.o(.constdata)
    TerrainData                              0x000023ac   Data        1120  main.o(.constdata)
    .constdata                               0x0000280c   Section     2114  st7735.o(.constdata)
    Font                                     0x0000280c   Data        1275  st7735.o(.constdata)
    Bcmd                                     0x00002d07   Data         103  st7735.o(.constdata)
    Rcmd1                                    0x00002d6e   Data          59  st7735.o(.constdata)
    Rcmd2green                               0x00002da9   Data          13  st7735.o(.constdata)
    Rcmd2red                                 0x00002db6   Data          13  st7735.o(.constdata)
    Rcmd3                                    0x00002dc3   Data          43  st7735.o(.constdata)
    smallCircle                              0x00002dee   Data          36  st7735.o(.constdata)
    circle                                   0x00002e12   Data          60  st7735.o(.constdata)
    dBfs                                     0x00002e4e   Data         512  st7735.o(.constdata)
    .constdata                               0x0000304e   Section     1960  playership.o(.constdata)
    PlayerShipR                              0x0000304e   Data         420  playership.o(.constdata)
    PlayerShipL                              0x000031f2   Data         420  playership.o(.constdata)
    HyperShipR                               0x00003396   Data         560  playership.o(.constdata)
    HyperShipL                               0x000035c6   Data         560  playership.o(.constdata)
    .constdata                               0x000037f6   Section      250  bullet.o(.constdata)
    BulletImage                              0x000037f6   Data         250  bullet.o(.constdata)
    .init_array                              0x00003910   Section        4  main.o(.init_array)
    .init_array                              0x00003914   Section        4  uart.o(.init_array)
    .init_array                              0x00003918   Section        0  init_aeabi.o(.init_array)
    .data                                    0x20000000   Section       18  main.o(.data)
    TerrainVelocity                          0x20000000   Data           2  main.o(.data)
    TerrainIndex                             0x20000002   Data           2  main.o(.data)
    LastTerrainIndex                         0x20000004   Data           2  main.o(.data)
    .data                                    0x20000014   Section        4  random.o(.data)
    M                                        0x20000014   Data           4  random.o(.data)
    .data                                    0x20000018   Section       44  st7735.o(.data)
    ColStart                                 0x20000022   Data           1  st7735.o(.data)
    RowStart                                 0x20000023   Data           1  st7735.o(.data)
    Rotation                                 0x20000024   Data           1  st7735.o(.data)
    TabColor                                 0x20000025   Data           1  st7735.o(.data)
    _width                                   0x20000026   Data           2  st7735.o(.data)
    _height                                  0x20000028   Data           2  st7735.o(.data)
    .data                                    0x20000044   Section        4  timer0.o(.data)
    .data                                    0x20000048   Section        4  timer1.o(.data)
    .bss                                     0x2000004c   Section       60  main.o(.bss)
    .bss                                     0x20000088   Section       12  st7735.o(.bss)
    .bss                                     0x20000094   Section       40  uart.o(.bss)
    .bss                                     0x200000bc   Section       96  libspace.o(.bss)
    HEAP                                     0x20000120   Section     1024  startup_tm4c123.o(HEAP)
    Heap_Mem                                 0x20000120   Data        1024  startup_tm4c123.o(HEAP)
    STACK                                    0x20000520   Section     1024  startup_tm4c123.o(STACK)
    Stack_Mem                                0x20000520   Data        1024  startup_tm4c123.o(STACK)
    __initial_sp                             0x20000920   Data           0  startup_tm4c123.o(STACK)

    Global Symbols

    Symbol Name                              Value     Ov Type        Size  Object(Section)

    BuildAttributes$$THM_ISAv4$E$P$D$K$B$S$7EM$PE$A:L22UL41UL21$X:L11$S22US41US21$IEEE1$IW$USESV6$~STKCKD$USESV7$~SHL$OTIME$ROPI$EBA8$UX$STANDARDLIB$REQ8$PRES8$EABIv2 0x00000000   Number         0  anon$$obj.o ABSOLUTE
    __ARM_use_no_argv                        0x00000000   Number         0  main.o ABSOLUTE
    __Vectors                                0x00000000   Data           4  startup_tm4c123.o(RESET)
    __dso_handle                             0x00000000   Number         0  startup_tm4c123.o(RESET)
    SHT$$ARM_EXIDX$$Base                      - Undefined Reference
    SHT$$ARM_EXIDX$$Limit                     - Undefined Reference
    __ARM::default_unexpected_handler()       - Undefined Weak Reference
    __ARM_exceptions_buffer_required          - Undefined Weak Reference
    __ARM_exceptions_init                     - Undefined Weak Reference
    __aeabi_unwind_cpp_pr1                    - Undefined Weak Reference
    __aeabi_unwind_cpp_pr2                    - Undefined Weak Reference
    __alloca_initialize                       - Undefined Weak Reference
    __arm_preinit_                            - Undefined Weak Reference
    __cxa_begin_cleanup                       - Undefined Weak Reference
    __cxa_type_match                          - Undefined Weak Reference
    __rt_locale                               - Undefined Weak Reference
    __sigvec_lookup                           - Undefined Weak Reference
    __user_heap_extent                        - Undefined Weak Reference
    _atexit_init                              - Undefined Weak Reference
    _call_atexit_fns                          - Undefined Weak Reference
    _clock_init                               - Undefined Weak Reference
    _fp_trap_init                             - Undefined Weak Reference
    _fp_trap_shutdown                         - Undefined Weak Reference
    _get_lc_collate                           - Undefined Weak Reference
    _get_lc_ctype                             - Undefined Weak Reference
    _get_lc_monetary                          - Undefined Weak Reference
    _get_lc_numeric                           - Undefined Weak Reference
    _get_lc_time                              - Undefined Weak Reference
    _getenv_init                              - Undefined Weak Reference
    _handle_redirection                       - Undefined Weak Reference
    _initio                                   - Undefined Weak Reference
    _mutex_acquire                            - Undefined Weak Reference
    _mutex_free                               - Undefined Weak Reference
    _mutex_release                            - Undefined Weak Reference
    _rand_init                                - Undefined Weak Reference
    _signal_finish                            - Undefined Weak Reference
    _signal_init                              - Undefined Weak Reference
    _terminateio                              - Undefined Weak Reference
    __Vectors_End                            0x0000026c   Data           0  startup_tm4c123.o(RESET)
    __Vectors_Size                           0x0000026c   Number         0  startup_tm4c123.o ABSOLUTE
    __main                                   0x0000026d   Thumb Code     8  __main.o(!!!main)
    __scatterload                            0x00000275   Thumb Code     0  __scatter.o(!!!scatter)
    __scatterload_rt2                        0x00000275   Thumb Code    44  __scatter.o(!!!scatter)
    __scatterload_rt2_thumb_only             0x00000275   Thumb Code     0  __scatter.o(!!!scatter)
    __scatterload_null                       0x00000283   Thumb Code     0  __scatter.o(!!!scatter)
    __scatterload_copy                       0x000002a9   Thumb Code    26  __scatter_copy.o(!!handler_copy)
    __scatterload_zeroinit                   0x000002c5   Thumb Code    28  __scatter_zi.o(!!handler_zi)
    __rt_lib_init                            0x000002e1   Thumb Code     0  libinit.o(.ARM.Collect$$libinit$$00000000)
    __rt_lib_init_fp_1                       0x000002e3   Thumb Code     0  libinit2.o(.ARM.Collect$$libinit$$00000002)
    __rt_lib_init_heap_2                     0x000002e3   Thumb Code     0  libinit2.o(.ARM.Collect$$libinit$$00000005)
    __rt_lib_init_preinit_1                  0x000002e3   Thumb Code     0  libinit2.o(.ARM.Collect$$libinit$$00000004)
    __rt_lib_init_alloca_1                   0x000002eb   Thumb Code     0  libinit2.o(.ARM.Collect$$libinit$$0000002E)
    __rt_lib_init_argv_1                     0x000002eb   Thumb Code     0  libinit2.o(.ARM.Collect$$libinit$$0000002C)
    __rt_lib_init_atexit_1                   0x000002eb   Thumb Code     0  libinit2.o(.ARM.Collect$$libinit$$0000001B)
    __rt_lib_init_clock_1                    0x000002eb   Thumb Code     0  libinit2.o(.ARM.Collect$$libinit$$00000021)
    __rt_lib_init_cpp_2                      0x000002eb   Thumb Code     0  libinit2.o(.ARM.Collect$$libinit$$00000031)
    __rt_lib_init_exceptions_1               0x000002eb   Thumb Code     0  libinit2.o(.ARM.Collect$$libinit$$00000030)
    __rt_lib_init_fp_trap_1                  0x000002eb   Thumb Code     0  libinit2.o(.ARM.Collect$$libinit$$0000001F)
    __rt_lib_init_getenv_1                   0x000002eb   Thumb Code     0  libinit2.o(.ARM.Collect$$libinit$$00000023)
    __rt_lib_init_heap_1                     0x000002eb   Thumb Code     0  libinit2.o(.ARM.Collect$$libinit$$0000000A)
    __rt_lib_init_lc_collate_1               0x000002eb   Thumb Code     0  libinit2.o(.ARM.Collect$$libinit$$00000011)
    __rt_lib_init_lc_ctype_1                 0x000002eb   Thumb Code     0  libinit2.o(.ARM.Collect$$libinit$$00000013)
    __rt_lib_init_lc_monetary_1              0x000002eb   Thumb Code     0  libinit2.o(.ARM.Collect$$libinit$$00000015)
    __rt_lib_init_lc_numeric_1               0x000002eb   Thumb Code     0  libinit2.o(.ARM.Collect$$libinit$$00000017)
    __rt_lib_init_lc_time_1                  0x000002eb   Thumb Code     0  libinit2.o(.ARM.Collect$$libinit$$00000019)
    __rt_lib_init_rand_1                     0x000002eb   Thumb Code     0  libinit2.o(.ARM.Collect$$libinit$$0000000E)
    __rt_lib_init_signal_1                   0x000002eb   Thumb Code     0  libinit2.o(.ARM.Collect$$libinit$$0000001D)
    __rt_lib_init_stdio_1                    0x000002eb   Thumb Code     0  libinit2.o(.ARM.Collect$$libinit$$00000025)
    __rt_lib_init_user_alloc_1               0x000002eb   Thumb Code     0  libinit2.o(.ARM.Collect$$libinit$$0000000C)
    __rt_lib_init_cpp_1                      0x000002ef   Thumb Code     0  libinit2.o(.ARM.Collect$$libinit$$00000032)
    __rt_lib_init_return                     0x000002ef   Thumb Code     0  libinit2.o(.ARM.Collect$$libinit$$00000033)
    __rt_lib_shutdown                        0x000002f1   Thumb Code     0  libshutdown.o(.ARM.Collect$$libshutdown$$00000000)
    __rt_lib_shutdown_cpp_2                  0x000002f3   Thumb Code     0  libshutdown2.o(.ARM.Collect$$libshutdown$$00000001)
    __rt_lib_shutdown_cpp_1                  0x000002f9   Thumb Code     0  libshutdown2.o(.ARM.Collect$$libshutdown$$00000002)
    __rt_lib_shutdown_fp_trap_1              0x000002f9   Thumb Code     0  libshutdown2.o(.ARM.Collect$$libshutdown$$00000007)
    __rt_lib_shutdown_heap_1                 0x000002f9   Thumb Code     0  libshutdown2.o(.ARM.Collect$$libshutdown$$0000000F)
    __rt_lib_shutdown_return                 0x000002f9   Thumb Code     0  libshutdown2.o(.ARM.Collect$$libshutdown$$00000010)
    __rt_lib_shutdown_signal_1               0x000002f9   Thumb Code     0  libshutdown2.o(.ARM.Collect$$libshutdown$$0000000A)
    __rt_lib_shutdown_stdio_1                0x000002f9   Thumb Code     0  libshutdown2.o(.ARM.Collect$$libshutdown$$00000004)
    __rt_lib_shutdown_user_alloc_1           0x000002f9   Thumb Code     0  libshutdown2.o(.ARM.Collect$$libshutdown$$0000000C)
    __rt_entry                               0x000002fb   Thumb Code     0  __rtentry.o(.ARM.Collect$$rtentry$$00000000)
    __rt_entry_presh_1                       0x000002fb   Thumb Code     0  __rtentry2.o(.ARM.Collect$$rtentry$$00000002)
    __rt_entry_sh                            0x000002fb   Thumb Code     0  __rtentry4.o(.ARM.Collect$$rtentry$$00000004)
    __rt_entry_li                            0x00000301   Thumb Code     0  __rtentry2.o(.ARM.Collect$$rtentry$$0000000A)
    __rt_entry_postsh_1                      0x00000301   Thumb Code     0  __rtentry2.o(.ARM.Collect$$rtentry$$00000009)
    __rt_entry_main                          0x00000305   Thumb Code     0  __rtentry2.o(.ARM.Collect$$rtentry$$0000000D)
    __rt_entry_postli_1                      0x00000305   Thumb Code     0  __rtentry2.o(.ARM.Collect$$rtentry$$0000000C)
    __rt_exit                                0x0000030d   Thumb Code     0  rtexit.o(.ARM.Collect$$rtexit$$00000000)
    __rt_exit_ls                             0x0000030f   Thumb Code     0  rtexit2.o(.ARM.Collect$$rtexit$$00000003)
    __rt_exit_prels_1                        0x0000030f   Thumb Code     0  rtexit2.o(.ARM.Collect$$rtexit$$00000002)
    __rt_exit_exit                           0x00000313   Thumb Code     0  rtexit2.o(.ARM.Collect$$rtexit$$00000004)
    Reset_Handler                            0x00000319   Thumb Code     4  startup_tm4c123.o(.text)
    _maybe_terminate_alloc                   0x00000319   Thumb Code     0  maybetermalloc1.o(.emb_text)
    DisableInterrupts                        0x0000031d   Thumb Code     4  startup_tm4c123.o(.text)
    EnableInterrupts                         0x00000321   Thumb Code     4  startup_tm4c123.o(.text)
    StartCritical                            0x00000325   Thumb Code     8  startup_tm4c123.o(.text)
    EndCritical                              0x0000032d   Thumb Code     6  startup_tm4c123.o(.text)
    WaitForInterrupt                         0x00000333   Thumb Code     4  startup_tm4c123.o(.text)
    NMI_Handler                              0x00000337   Thumb Code     2  startup_tm4c123.o(.text)
    HardFault_Handler                        0x00000339   Thumb Code     2  startup_tm4c123.o(.text)
    MemManage_Handler                        0x0000033b   Thumb Code     2  startup_tm4c123.o(.text)
    BusFault_Handler                         0x0000033d   Thumb Code     2  startup_tm4c123.o(.text)
    UsageFault_Handler                       0x0000033f   Thumb Code     2  startup_tm4c123.o(.text)
    SVC_Handler                              0x00000341   Thumb Code     2  startup_tm4c123.o(.text)
    DebugMon_Handler                         0x00000343   Thumb Code     2  startup_tm4c123.o(.text)
    PendSV_Handler                           0x00000345   Thumb Code     2  startup_tm4c123.o(.text)
    SysTick_Handler                          0x00000347   Thumb Code     2  startup_tm4c123.o(.text)
    GPIOA_Handler                            0x00000349   Thumb Code     2  startup_tm4c123.o(.text)
    GPIOB_Handler                            0x0000034b   Thumb Code     2  startup_tm4c123.o(.text)
    GPIOC_Handler                            0x0000034d   Thumb Code     2  startup_tm4c123.o(.text)
    GPIOD_Handler                            0x0000034f   Thumb Code     2  startup_tm4c123.o(.text)
    GPIOE_Handler                            0x00000351   Thumb Code     4  startup_tm4c123.o(.text)
    UART0_Handler                            0x00000355   Thumb Code     2  startup_tm4c123.o(.text)
    SSI0_Handler                             0x00000359   Thumb Code     2  startup_tm4c123.o(.text)
    I2C0_Handler                             0x0000035b   Thumb Code     2  startup_tm4c123.o(.text)
    PMW0_FAULT_Handler                       0x0000035d   Thumb Code     2  startup_tm4c123.o(.text)
    PWM0_0_Handler                           0x0000035f   Thumb Code     2  startup_tm4c123.o(.text)
    PWM0_1_Handler                           0x00000361   Thumb Code     2  startup_tm4c123.o(.text)
    PWM0_2_Handler                           0x00000363   Thumb Code     2  startup_tm4c123.o(.text)
    QEI0_Handler                             0x00000365   Thumb Code     2  startup_tm4c123.o(.text)
    ADC0SS0_Handler                          0x00000367   Thumb Code     2  startup_tm4c123.o(.text)
    ADC0SS1_Handler                          0x00000369   Thumb Code     2  startup_tm4c123.o(.text)
    ADC0SS2_Handler                          0x0000036b   Thumb Code     2  startup_tm4c123.o(.text)
    ADC0SS3_Handler                          0x0000036d   Thumb Code     2  startup_tm4c123.o(.text)
    WDT0_Handler                             0x0000036f   Thumb Code     2  startup_tm4c123.o(.text)
    TIMER0B_Handler                          0x00000373   Thumb Code     2  startup_tm4c123.o(.text)
    TIMER1B_Handler                          0x00000377   Thumb Code     2  startup_tm4c123.o(.text)
    TIMER2A_Handler                          0x00000379   Thumb Code     2  startup_tm4c123.o(.text)
    TIMER2B_Handler                          0x0000037b   Thumb Code     2  startup_tm4c123.o(.text)
    COMP0_Handler                            0x0000037d   Thumb Code     2  startup_tm4c123.o(.text)
    COMP1_Handler                            0x0000037f   Thumb Code     2  startup_tm4c123.o(.text)
    COMP2_Handler                            0x00000381   Thumb Code     2  startup_tm4c123.o(.text)
    SYSCTL_Handler                           0x00000383   Thumb Code     2  startup_tm4c123.o(.text)
    FLASH_Handler                            0x00000385   Thumb Code     2  startup_tm4c123.o(.text)
    GPIOF_Handler                            0x00000387   Thumb Code     2  startup_tm4c123.o(.text)
    GPIOG_Handler                            0x00000389   Thumb Code     2  startup_tm4c123.o(.text)
    GPIOH_Handler                            0x0000038b   Thumb Code     2  startup_tm4c123.o(.text)
    UART2_Handler                            0x0000038d   Thumb Code     2  startup_tm4c123.o(.text)
    SSI1_Handler                             0x0000038f   Thumb Code     2  startup_tm4c123.o(.text)
    TIMER3A_Handler                          0x00000391   Thumb Code     2  startup_tm4c123.o(.text)
    TIMER3B_Handler                          0x00000393   Thumb Code     2  startup_tm4c123.o(.text)
    I2C1_Handler                             0x00000395   Thumb Code     2  startup_tm4c123.o(.text)
    QEI1_Handler                             0x00000397   Thumb Code     2  startup_tm4c123.o(.text)
    CAN0_Handler                             0x00000399   Thumb Code     2  startup_tm4c123.o(.text)
    CAN1_Handler                             0x0000039b   Thumb Code     2  startup_tm4c123.o(.text)
    CAN2_Handler                             0x0000039d   Thumb Code     2  startup_tm4c123.o(.text)
    HIB_Handler                              0x0000039f   Thumb Code     2  startup_tm4c123.o(.text)
    USB0_Handler                             0x000003a1   Thumb Code     2  startup_tm4c123.o(.text)
    PWM0_3_Handler                           0x000003a3   Thumb Code     2  startup_tm4c123.o(.text)
    UDMA_Handler                             0x000003a5   Thumb Code     2  startup_tm4c123.o(.text)
    UDMAERR_Handler                          0x000003a7   Thumb Code     2  startup_tm4c123.o(.text)
    ADC1SS0_Handler                          0x000003a9   Thumb Code     2  startup_tm4c123.o(.text)
    ADC1SS1_Handler                          0x000003ab   Thumb Code     2  startup_tm4c123.o(.text)
    ADC1SS2_Handler                          0x000003ad   Thumb Code     2  startup_tm4c123.o(.text)
    ADC1SS3_Handler                          0x000003af   Thumb Code     2  startup_tm4c123.o(.text)
    GPIOJ_Handler                            0x000003b1   Thumb Code     2  startup_tm4c123.o(.text)
    GPIOK_Handler                            0x000003b3   Thumb Code     2  startup_tm4c123.o(.text)
    GPIOL_Handler                            0x000003b5   Thumb Code     2  startup_tm4c123.o(.text)
    SSI2_Handler                             0x000003b7   Thumb Code     2  startup_tm4c123.o(.text)
    SSI3_Handler                             0x000003b9   Thumb Code     2  startup_tm4c123.o(.text)
    UART3_Handler                            0x000003bb   Thumb Code     2  startup_tm4c123.o(.text)
    UART4_Handler                            0x000003bd   Thumb Code     2  startup_tm4c123.o(.text)
    UART5_Handler                            0x000003bf   Thumb Code     2  startup_tm4c123.o(.text)
    UART6_Handler                            0x000003c1   Thumb Code     2  startup_tm4c123.o(.text)
    UART7_Handler                            0x000003c3   Thumb Code     2  startup_tm4c123.o(.text)
    I2C2_Handler                             0x000003c5   Thumb Code     2  startup_tm4c123.o(.text)
    I2C3_Handler                             0x000003c7   Thumb Code     2  startup_tm4c123.o(.text)
    TIMER4A_Handler                          0x000003c9   Thumb Code     2  startup_tm4c123.o(.text)
    TIMER4B_Handler                          0x000003cb   Thumb Code     2  startup_tm4c123.o(.text)
    TIMER5A_Handler                          0x000003cd   Thumb Code     2  startup_tm4c123.o(.text)
    TIMER5B_Handler                          0x000003cf   Thumb Code     2  startup_tm4c123.o(.text)
    WTIMER0A_Handler                         0x000003d1   Thumb Code     2  startup_tm4c123.o(.text)
    WTIMER0B_Handler                         0x000003d3   Thumb Code     2  startup_tm4c123.o(.text)
    WTIMER1A_Handler                         0x000003d5   Thumb Code     2  startup_tm4c123.o(.text)
    WTIMER1B_Handler                         0x000003d7   Thumb Code     2  startup_tm4c123.o(.text)
    WTIMER2A_Handler                         0x000003d9   Thumb Code     2  startup_tm4c123.o(.text)
    WTIMER2B_Handler                         0x000003db   Thumb Code     2  startup_tm4c123.o(.text)
    WTIMER3A_Handler                         0x000003dd   Thumb Code     2  startup_tm4c123.o(.text)
    WTIMER3B_Handler                         0x000003df   Thumb Code     2  startup_tm4c123.o(.text)
    WTIMER4A_Handler                         0x000003e1   Thumb Code     2  startup_tm4c123.o(.text)
    WTIMER4B_Handler                         0x000003e3   Thumb Code     2  startup_tm4c123.o(.text)
    WTIMER5A_Handler                         0x000003e5   Thumb Code     2  startup_tm4c123.o(.text)
    WTIMER5B_Handler                         0x000003e7   Thumb Code     2  startup_tm4c123.o(.text)
    FPU_Handler                              0x000003e9   Thumb Code     2  startup_tm4c123.o(.text)
    I2C4_Handler                             0x000003eb   Thumb Code     2  startup_tm4c123.o(.text)
    I2C5_Handler                             0x000003ed   Thumb Code     2  startup_tm4c123.o(.text)
    GPIOM_Handler                            0x000003ef   Thumb Code     2  startup_tm4c123.o(.text)
    GPION_Handler                            0x000003f1   Thumb Code     2  startup_tm4c123.o(.text)
    QEI2_Handler                             0x000003f3   Thumb Code     2  startup_tm4c123.o(.text)
    GPIOP0_Handler                           0x000003f5   Thumb Code     2  startup_tm4c123.o(.text)
    GPIOP1_Handler                           0x000003f7   Thumb Code     2  startup_tm4c123.o(.text)
    GPIOP2_Handler                           0x000003f9   Thumb Code     2  startup_tm4c123.o(.text)
    GPIOP3_Handler                           0x000003fb   Thumb Code     2  startup_tm4c123.o(.text)
    GPIOP4_Handler                           0x000003fd   Thumb Code     2  startup_tm4c123.o(.text)
    GPIOP5_Handler                           0x000003ff   Thumb Code     2  startup_tm4c123.o(.text)
    GPIOP6_Handler                           0x00000401   Thumb Code     2  startup_tm4c123.o(.text)
    GPIOP7_Handler                           0x00000403   Thumb Code     2  startup_tm4c123.o(.text)
    GPIOQ0_Handler                           0x00000405   Thumb Code     2  startup_tm4c123.o(.text)
    GPIOQ1_Handler                           0x00000407   Thumb Code     2  startup_tm4c123.o(.text)
    GPIOQ2_Handler                           0x00000409   Thumb Code     2  startup_tm4c123.o(.text)
    GPIOQ3_Handler                           0x0000040b   Thumb Code     2  startup_tm4c123.o(.text)
    GPIOQ4_Handler                           0x0000040d   Thumb Code     2  startup_tm4c123.o(.text)
    GPIOQ5_Handler                           0x0000040f   Thumb Code     2  startup_tm4c123.o(.text)
    GPIOQ6_Handler                           0x00000411   Thumb Code     2  startup_tm4c123.o(.text)
    GPIOQ7_Handler                           0x00000413   Thumb Code     2  startup_tm4c123.o(.text)
    GPIOR_Handler                            0x00000415   Thumb Code     2  startup_tm4c123.o(.text)
    GPIOS_Handler                            0x00000417   Thumb Code     2  startup_tm4c123.o(.text)
    PMW1_0_Handler                           0x00000419   Thumb Code     2  startup_tm4c123.o(.text)
    PWM1_1_Handler                           0x0000041b   Thumb Code     2  startup_tm4c123.o(.text)
    PWM1_2_Handler                           0x0000041d   Thumb Code     2  startup_tm4c123.o(.text)
    PWM1_3_Handler                           0x0000041f   Thumb Code     2  startup_tm4c123.o(.text)
    PWM1_FAULT_Handler                       0x00000421   Thumb Code     2  startup_tm4c123.o(.text)
    __user_initial_stackheap                 0x00000425   Thumb Code     0  startup_tm4c123.o(.text)
    DrawTerrain()                            0x00000449   Thumb Code    84  main.o(.text)
    UpdateTerrainIndex(short)                0x0000049d   Thumb Code    40  main.o(.text)
    LCD_OutDec1(unsigned)                    0x000004c5   Thumb Code    56  main.o(.text)
    Heartbeat_Init()                         0x000004fd   Thumb Code    52  main.o(.text)
    toggle_Heartbeat()                       0x00000531   Thumb Code    18  main.o(.text)
    clock()                                  0x00000543   Thumb Code    18  main.o(.text)
    GPIOPortE_Handler                        0x00000555   Thumb Code   158  main.o(.text)
    DrawBullets()                            0x000005f3   Thumb Code    42  main.o(.text)
    background()                             0x0000061d   Thumb Code    64  main.o(.text)
    wait(unsigned)                           0x0000065d   Thumb Code    18  main.o(.text)
    main                                     0x0000066f   Thumb Code    92  main.o(.text)
    PLL_Init(unsigned)                       0x00000739   Thumb Code   120  pll.o(.text)
    Random_Init(unsigned)                    0x000007b5   Thumb Code     6  random.o(.text)
    Random32()                               0x000007bb   Thumb Code    22  random.o(.text)
    Random()                                 0x000007d1   Thumb Code    24  random.o(.text)
    Delay1ms(unsigned)                       0x00000855   Thumb Code    32  st7735.o(.text)
    ST7735_FillRect(short, short, short, short, unsigned short) 0x00000a8b   Thumb Code   168  st7735.o(.text)
    ST7735_FillScreen(unsigned short)        0x00000b33   Thumb Code    28  st7735.o(.text)
    ST7735_SetCursor(unsigned, unsigned)     0x00000b4f   Thumb Code    22  st7735.o(.text)
    ST7735_InitB()                           0x00000b65   Thumb Code    32  st7735.o(.text)
    ST7735_InitR(initRFlags)                 0x00000b85   Thumb Code   188  st7735.o(.text)
    ST7735_DrawPixel(short, short, unsigned short) 0x00000c53   Thumb Code    68  st7735.o(.text)
    ST7735_DrawFastVLine(short, short, short, unsigned short) 0x00000c97   Thumb Code   120  st7735.o(.text)
    ST7735_DrawFastHLine(short, short, short, unsigned short) 0x00000d0f   Thumb Code   120  st7735.o(.text)
    ST7735_DrawSmallCircle(short, short, unsigned short) 0x00000d87   Thumb Code   158  st7735.o(.text)
    ST7735_DrawCircle(short, short, unsigned short) 0x00000e25   Thumb Code   158  st7735.o(.text)
    ST7735_Color565(unsigned char, unsigned char, unsigned char) 0x00000ec3   Thumb Code    24  st7735.o(.text)
    ST7735_SwapColor(unsigned short)         0x00000edb   Thumb Code    18  st7735.o(.text)
    ST7735_DrawBitmap(short, short, const unsigned short*, short, short) 0x00000eed   Thumb Code   284  st7735.o(.text)
    ST7735_DrawCharS(short, short, char, short, short, unsigned char) 0x00001009   Thumb Code   252  st7735.o(.text)
    ST7735_DrawChar(short, short, char, short, short, unsigned char) 0x00001105   Thumb Code   264  st7735.o(.text)
    ST7735_DrawString(unsigned short, unsigned short, char*, short) 0x0000120d   Thumb Code    84  st7735.o(.text)
    fillmessage(unsigned)                    0x00001261   Thumb Code    64  st7735.o(.text)
    ST7735_OutUDec(unsigned)                 0x000012a1   Thumb Code   118  st7735.o(.text)
    ST7735_SetRotation(unsigned char)        0x00001317   Thumb Code   200  st7735.o(.text)
    ST7735_InvertDisplay(int)                0x000013df   Thumb Code    26  st7735.o(.text)
    ST7735_PlotClear(int, int)               0x000013f9   Thumb Code    74  st7735.o(.text)
    ST7735_PlotPoint(int)                    0x00001443   Thumb Code   196  st7735.o(.text)
    ST7735_PlotLine(int)                     0x00001507   Thumb Code   242  st7735.o(.text)
    ST7735_PlotPoints(int, int)              0x000015f9   Thumb Code   154  st7735.o(.text)
    ST7735_PlotBar(int)                      0x00001693   Thumb Code    72  st7735.o(.text)
    ST7735_PlotdBfs(int)                     0x000016db   Thumb Code    52  st7735.o(.text)
    ST7735_PlotNext()                        0x0000170f   Thumb Code    28  st7735.o(.text)
    ST7735_PlotNextErase()                   0x0000172b   Thumb Code    58  st7735.o(.text)
    ST7735_OutChar                           0x00001765   Thumb Code   176  st7735.o(.text)
    ST7735_OutString                         0x00001815   Thumb Code    22  st7735.o(.text)
    ST7735_SetTextColor(unsigned short)      0x0000182b   Thumb Code     6  st7735.o(.text)
    Output_Init()                            0x00001831   Thumb Code    16  st7735.o(.text)
    Output_Clear()                           0x00001841   Thumb Code    10  st7735.o(.text)
    Output_Off()                             0x0000184b   Thumb Code     8  st7735.o(.text)
    Output_On()                              0x00001853   Thumb Code     8  st7735.o(.text)
    Output_Color(unsigned)                   0x0000185b   Thumb Code    12  st7735.o(.text)
    ADC_Init()                               0x000018a5   Thumb Code   222  slidepot.o(.text)
    ADC_In()                                 0x00001983   Thumb Code    38  slidepot.o(.text)
    SlidePot::SlidePot(unsigned, unsigned)   0x000019a9   Thumb Code    14  slidepot.o(.text)
    SlidePot::SlidePot__sub_object(unsigned, unsigned) 0x000019a9   Thumb Code     0  slidepot.o(.text)
    SlidePot::Convert(unsigned)              0x000019b7   Thumb Code    14  slidepot.o(.text)
    SlidePot::Save(unsigned)                 0x000019c5   Thumb Code    32  slidepot.o(.text)
    SlidePot::Sync()                         0x000019e5   Thumb Code    14  slidepot.o(.text)
    SlidePot::ADCsample()                    0x000019f3   Thumb Code     6  slidepot.o(.text)
    SlidePot::Distance()                     0x000019f9   Thumb Code     6  slidepot.o(.text)
    SlidePot::GetY_Val()                     0x000019ff   Thumb Code     6  slidepot.o(.text)
    Timer0_Init(void(*)(), unsigned)         0x00001a1d   Thumb Code    74  timer0.o(.text)
    TIMER0A_Handler                          0x00001a67   Thumb Code    16  timer0.o(.text)
    Timer1_Init(void(*)(), unsigned)         0x00001a8d   Thumb Code    74  timer1.o(.text)
    TIMER1A_Handler                          0x00001ad7   Thumb Code    16  timer1.o(.text)
    UART_Init()                              0x00001afd   Thumb Code     2  uart.o(.text)
    UART_InChar()                            0x00001aff   Thumb Code     2  uart.o(.text)
    UART_InStatus()                          0x00001b01   Thumb Code     4  uart.o(.text)
    UART_OutChar(char)                       0x00001b05   Thumb Code     2  uart.o(.text)
    UART1_Handler                            0x00001b07   Thumb Code     2  uart.o(.text)
    UART_OutString(char*)                    0x00001b09   Thumb Code    22  uart.o(.text)
    UART_OutUDec(unsigned)                   0x00001b1f   Thumb Code    42  uart.o(.text)
    UART_InMessage(char*)                    0x00001b49   Thumb Code     2  uart.o(.text)
    Queue::Queue()                           0x00001b59   Thumb Code     2  fifo.o(.text)
    Queue::Queue__sub_object()               0x00001b59   Thumb Code     0  fifo.o(.text)
    Queue::IsEmpty()                         0x00001b5b   Thumb Code     6  fifo.o(.text)
    Queue::IsFull()                          0x00001b61   Thumb Code     6  fifo.o(.text)
    Queue::Put(char)                         0x00001b67   Thumb Code     6  fifo.o(.text)
    Queue::Get(char*)                        0x00001b6d   Thumb Code     6  fifo.o(.text)
    Queue::Print()                           0x00001b73   Thumb Code     2  fifo.o(.text)
    PlayerShip::PlayerShip()                 0x00001b75   Thumb Code   146  playership.o(.text)
    PlayerShip::PlayerShip__sub_object()     0x00001b75   Thumb Code     0  playership.o(.text)
    PlayerShip::Draw()                       0x00001c07   Thumb Code    94  playership.o(.text)
    PlayerShip::UpdatePos(unsigned char, unsigned char) 0x00001c65   Thumb Code    40  playership.o(.text)
    PlayerShip::Getx()                       0x00001c8d   Thumb Code     8  playership.o(.text)
    PlayerShip::Gety()                       0x00001c95   Thumb Code     8  playership.o(.text)
    PlayerShip::ToggleDirection()            0x00001c9d   Thumb Code    24  playership.o(.text)
    PlayerShip::GetDir()                     0x00001cb5   Thumb Code     8  playership.o(.text)
    PlayerShip::ToggleHyper()                0x00001cbd   Thumb Code    26  playership.o(.text)
    PlayerShip::GetHyper()                   0x00001cd7   Thumb Code     8  playership.o(.text)
    Sprite::Draw(unsigned char, unsigned char) 0x00001cf5   Thumb Code    26  sprite.o(.text)
    makeCloseEven(signed char)               0x00001d11   Thumb Code    24  bullet.o(.text)
    Bullet::Bullet()                         0x00001d29   Thumb Code    44  bullet.o(.text)
    Bullet::Bullet__sub_object()             0x00001d29   Thumb Code     0  bullet.o(.text)
    Bullet::Bullet(unsigned char, unsigned char) 0x00001d55   Thumb Code    56  bullet.o(.text)
    Bullet::Bullet__sub_object(unsigned char, unsigned char) 0x00001d55   Thumb Code     0  bullet.o(.text)
    Bullet::UpdatePos(unsigned short, unsigned short) 0x00001d8d   Thumb Code     6  bullet.o(.text)
    Bullet::Draw()                           0x00001d93   Thumb Code    42  bullet.o(.text)
    Bullet::Getx()                           0x00001dbd   Thumb Code     6  bullet.o(.text)
    Bullet::Gety()                           0x00001dc3   Thumb Code     6  bullet.o(.text)
    Bullet::GetStatus()                      0x00001dc9   Thumb Code     6  bullet.o(.text)
    Buttons_Init()                           0x00001dd5   Thumb Code   200  buttons.o(.text)
    FireButton()                             0x00001e9d   Thumb Code    12  buttons.o(.text)
    HyperButton()                            0x00001ea9   Thumb Code    12  buttons.o(.text)
    DirButton()                              0x00001eb5   Thumb Code    12  buttons.o(.text)
    __aeabi_atexit                           0x00001ed5   Thumb Code    46  aeabi_atexit.o(.text)
    __use_two_region_memory                  0x00001f03   Thumb Code     2  heapauxi.o(.text)
    __rt_heap_escrow                         0x00001f05   Thumb Code     2  heapauxi.o(.text)
    __rt_heap_expand                         0x00001f07   Thumb Code     2  heapauxi.o(.text)
    __cpp_initialize__aeabi_                 0x00001f09   Thumb Code    26  init_aeabi.o(.text)
    __rt_new_handler_addr                    0x00001f2d   Thumb Code     8  rt_new_handler_addr_intlibspace.o(.text)
    __rt_ddtor_pointer_addr                  0x00001f35   Thumb Code     8  rt_ddtor_pointer_addr_intlibspace.o(.text)
    malloc                                   0x00001f3d   Thumb Code    94  h1_alloc.o(.text)
    free                                     0x00001f9b   Thumb Code    78  h1_free.o(.text)
    __cxa_finalize                           0x00001fe9   Thumb Code    66  cxa_finalize.o(.text)
    __default_new_handler()                  0x0000202b   Thumb Code     4  arm_newhandler_noexceptions.o(.text)
    __user_libspace                          0x00002031   Thumb Code     8  libspace.o(.text)
    __user_perproc_libspace                  0x00002031   Thumb Code     0  libspace.o(.text)
    __user_perthread_libspace                0x00002031   Thumb Code     0  libspace.o(.text)
    __rt_heap_descriptor                     0x00002039   Thumb Code     8  rt_heap_descriptor_intlibspace.o(.text)
    __use_no_heap                            0x00002041   Thumb Code     2  hguard.o(.text)
    __heap$guard                             0x00002043   Thumb Code     2  hguard.o(.text)
    _terminate_user_alloc                    0x00002045   Thumb Code     2  init_alloc.o(.text)
    _init_user_alloc                         0x00002047   Thumb Code     2  init_alloc.o(.text)
    __Heap_Full                              0x00002049   Thumb Code    34  init_alloc.o(.text)
    __Heap_Broken                            0x0000206b   Thumb Code     6  init_alloc.o(.text)
    _init_alloc                              0x00002071   Thumb Code    94  init_alloc.o(.text)
    __Heap_Initialize                        0x000020cf   Thumb Code    10  h1_init.o(.text)
    __Heap_DescSize                          0x000020d9   Thumb Code     4  h1_init.o(.text)
    std::terminate()                         0x000020dd   Thumb Code    26  arm_exceptions_terminate.o(.text)
    __user_setup_stackheap                   0x000020f7   Thumb Code    74  sys_stackheap_outer.o(.text)
    __Heap_ProvideMemory                     0x00002141   Thumb Code    52  h1_extend.o(.text)
    exit                                     0x00002175   Thumb Code    18  exit.o(.text)
    abort                                    0x00002187   Thumb Code    22  abort.o(.text)
    __rt_SIGRTMEM                            0x0000219d   Thumb Code    14  defsig_rtmem_outer.o(.text)
    __cxa_get_globals                        0x000021b3   Thumb Code    62  arm_exceptions_globs.o(.text)
    _sys_exit                                0x000021fd   Thumb Code     8  sys_exit.o(.text)
    __I$use$semihosting                      0x00002209   Thumb Code     0  use_no_semi.o(.text)
    __use_no_semihosting_swi                 0x00002209   Thumb Code     2  use_no_semi.o(.text)
    __semihosting_library_function           0x0000220b   Thumb Code     0  indicate_semi.o(.text)
    __rt_eh_globals_addr                     0x0000220d   Thumb Code     8  rt_eh_globals_addr_intlibspace.o(.text)
    __sig_exit                               0x00002215   Thumb Code    10  defsig_exit.o(.text)
    __rt_SIGABRT                             0x0000221f   Thumb Code    14  defsig_abrt_outer.o(.text)
    __rt_SIGRTMEM_inner                      0x0000222d   Thumb Code    22  defsig_rtmem_inner.o(.text)
    __ARM_exceptions_buffer_init             0x0000227d   Thumb Code    18  arm_exceptions_mem.o(.text)
    __ARM_exceptions_buffer_allocate         0x0000228f   Thumb Code    22  arm_exceptions_mem.o(.text)
    __ARM_exceptions_buffer_free             0x000022a5   Thumb Code    20  arm_exceptions_mem.o(.text)
    __default_signal_display                 0x000022b9   Thumb Code    50  defsig_general.o(.text)
    __rt_SIGABRT_inner                       0x000022ed   Thumb Code    14  defsig_abrt_inner.o(.text)
    _ttywrch                                 0x0000231d   Thumb Code    14  sys_wrch.o(.text)
    Sprite::Sprite(const unsigned short*, unsigned char, unsigned char) 0x0000232b   Thumb Code     8  playership.o(i._ZN6SpriteC1EPKthh)
    Sprite::Sprite__sub_object(const unsigned short*, unsigned char, unsigned char) 0x0000232b   Thumb Code     0  playership.o(i._ZN6SpriteC1EPKthh)
    operator delete (void*)                  0x00002333   Thumb Code     8  delete.o(i._ZdlPv)
    operator new(unsigned)                   0x0000233d   Thumb Code    34  new.o(i._Znwj)
    List<Bullet>::remove(Node<Bullet>*)      0x00002365   Thumb Code    46  main.o(t._ZN4ListI6BulletE6removeEP4NodeIS0_E)
    List<Bullet>::~List()                    0x00002393   Thumb Code    26  main.o(t._ZN4ListI6BulletED1Ev)
    List<Bullet>::~List__sub_object()        0x00002393   Thumb Code     0  main.o(t._ZN4ListI6BulletED1Ev)
    Region$$Table$$Base                      0x000038f0   Number         0  anon$$obj.o(Region$$Table)
    Region$$Table$$Limit                     0x00003910   Number         0  anon$$obj.o(Region$$Table)
    SHT$$INIT_ARRAY$$Base                    0x00003910   Number         0  main.o(.init_array)
    SHT$$INIT_ARRAY$$Limit                   0x00003918   Number         0  init_aeabi.o(.init_array)
    BulletList                               0x20000008   Data           4  main.o(.data)
    time                                     0x2000000c   Data           4  main.o(.data)
    randomInitFlag                           0x20000010   Data           1  main.o(.data)
    Flag                                     0x20000011   Data           1  main.o(.data)
    StX                                      0x20000018   Data           4  st7735.o(.data)
    StY                                      0x2000001c   Data           4  st7735.o(.data)
    StTextColor                              0x20000020   Data           2  st7735.o(.data)
    Messageindex                             0x2000002c   Data           4  st7735.o(.data)
    Ymax                                     0x20000030   Data           4  st7735.o(.data)
    Ymin                                     0x20000034   Data           4  st7735.o(.data)
    X                                        0x20000038   Data           4  st7735.o(.data)
    Yrange                                   0x2000003c   Data           4  st7735.o(.data)
    lastj                                    0x20000040   Data           4  st7735.o(.data)
    PeriodicTask0                            0x20000044   Data           4  timer0.o(.data)
    PeriodicTask1                            0x20000048   Data           4  timer1.o(.data)
    Player                                   0x2000004c   Data          36  main.o(.bss)
    Joystick                                 0x20000070   Data          24  main.o(.bss)
    Message                                  0x20000088   Data          12  st7735.o(.bss)
    RxFifo                                   0x20000094   Data          40  uart.o(.bss)
    __libspace_start                         0x200000bc   Data          96  libspace.o(.bss)
    __temporary_stack_top$libspace           0x2000011c   Data           0  libspace.o(.bss)



==============================================================================

Memory Map of the image

  Image Entry point : 0x0000026d

  Load Region LR_IROM1 (Base: 0x00000000, Size: 0x00003964, Max: 0x00040000, ABSOLUTE)

    Execution Region ER_IROM1 (Exec base: 0x00000000, Load base: 0x00000000, Size: 0x00003918, Max: 0x00040000, ABSOLUTE)

    Exec Addr    Load Addr    Size         Type   Attr      Idx    E Section Name        Object

    0x00000000   0x00000000   0x0000026c   Data   RO            3    RESET               startup_tm4c123.o
    0x0000026c   0x0000026c   0x00000008   Code   RO          361  * !!!main             c_w.l(__main.o)
    0x00000274   0x00000274   0x00000034   Code   RO          845    !!!scatter          c_w.l(__scatter.o)
    0x000002a8   0x000002a8   0x0000001a   Code   RO          847    !!handler_copy      c_w.l(__scatter_copy.o)
    0x000002c2   0x000002c2   0x00000002   PAD
    0x000002c4   0x000002c4   0x0000001c   Code   RO          849    !!handler_zi        c_w.l(__scatter_zi.o)
    0x000002e0   0x000002e0   0x00000002   Code   RO          742    .ARM.Collect$$libinit$$00000000  c_w.l(libinit.o)
    0x000002e2   0x000002e2   0x00000000   Code   RO          453    .ARM.Collect$$libinit$$00000002  c_w.l(libinit2.o)
    0x000002e2   0x000002e2   0x00000000   Code   RO          455    .ARM.Collect$$libinit$$00000004  c_w.l(libinit2.o)
    0x000002e2   0x000002e2   0x00000008   Code   RO          456    .ARM.Collect$$libinit$$00000005  c_w.l(libinit2.o)
    0x000002ea   0x000002ea   0x00000000   Code   RO          458    .ARM.Collect$$libinit$$0000000A  c_w.l(libinit2.o)
    0x000002ea   0x000002ea   0x00000000   Code   RO          460    .ARM.Collect$$libinit$$0000000C  c_w.l(libinit2.o)
    0x000002ea   0x000002ea   0x00000000   Code   RO          462    .ARM.Collect$$libinit$$0000000E  c_w.l(libinit2.o)
    0x000002ea   0x000002ea   0x00000000   Code   RO          465    .ARM.Collect$$libinit$$00000011  c_w.l(libinit2.o)
    0x000002ea   0x000002ea   0x00000000   Code   RO          467    .ARM.Collect$$libinit$$00000013  c_w.l(libinit2.o)
    0x000002ea   0x000002ea   0x00000000   Code   RO          469    .ARM.Collect$$libinit$$00000015  c_w.l(libinit2.o)
    0x000002ea   0x000002ea   0x00000000   Code   RO          471    .ARM.Collect$$libinit$$00000017  c_w.l(libinit2.o)
    0x000002ea   0x000002ea   0x00000000   Code   RO          473    .ARM.Collect$$libinit$$00000019  c_w.l(libinit2.o)
    0x000002ea   0x000002ea   0x00000000   Code   RO          475    .ARM.Collect$$libinit$$0000001B  c_w.l(libinit2.o)
    0x000002ea   0x000002ea   0x00000000   Code   RO          477    .ARM.Collect$$libinit$$0000001D  c_w.l(libinit2.o)
    0x000002ea   0x000002ea   0x00000000   Code   RO          479    .ARM.Collect$$libinit$$0000001F  c_w.l(libinit2.o)
    0x000002ea   0x000002ea   0x00000000   Code   RO          481    .ARM.Collect$$libinit$$00000021  c_w.l(libinit2.o)
    0x000002ea   0x000002ea   0x00000000   Code   RO          483    .ARM.Collect$$libinit$$00000023  c_w.l(libinit2.o)
    0x000002ea   0x000002ea   0x00000000   Code   RO          485    .ARM.Collect$$libinit$$00000025  c_w.l(libinit2.o)
    0x000002ea   0x000002ea   0x00000000   Code   RO          489    .ARM.Collect$$libinit$$0000002C  c_w.l(libinit2.o)
    0x000002ea   0x000002ea   0x00000000   Code   RO          491    .ARM.Collect$$libinit$$0000002E  c_w.l(libinit2.o)
    0x000002ea   0x000002ea   0x00000000   Code   RO          493    .ARM.Collect$$libinit$$00000030  c_w.l(libinit2.o)
    0x000002ea   0x000002ea   0x00000004   Code   RO          494    .ARM.Collect$$libinit$$00000031  c_w.l(libinit2.o)
    0x000002ee   0x000002ee   0x00000000   Code   RO          495    .ARM.Collect$$libinit$$00000032  c_w.l(libinit2.o)
    0x000002ee   0x000002ee   0x00000002   Code   RO          496    .ARM.Collect$$libinit$$00000033  c_w.l(libinit2.o)
    0x000002f0   0x000002f0   0x00000002   Code   RO          828    .ARM.Collect$$libshutdown$$00000000  c_w.l(libshutdown.o)
    0x000002f2   0x000002f2   0x00000006   Code   RO          567    .ARM.Collect$$libshutdown$$00000001  c_w.l(libshutdown2.o)
    0x000002f8   0x000002f8   0x00000000   Code   RO          568    .ARM.Collect$$libshutdown$$00000002  c_w.l(libshutdown2.o)
    0x000002f8   0x000002f8   0x00000000   Code   RO          570    .ARM.Collect$$libshutdown$$00000004  c_w.l(libshutdown2.o)
    0x000002f8   0x000002f8   0x00000000   Code   RO          573    .ARM.Collect$$libshutdown$$00000007  c_w.l(libshutdown2.o)
    0x000002f8   0x000002f8   0x00000000   Code   RO          576    .ARM.Collect$$libshutdown$$0000000A  c_w.l(libshutdown2.o)
    0x000002f8   0x000002f8   0x00000000   Code   RO          578    .ARM.Collect$$libshutdown$$0000000C  c_w.l(libshutdown2.o)
    0x000002f8   0x000002f8   0x00000000   Code   RO          581    .ARM.Collect$$libshutdown$$0000000F  c_w.l(libshutdown2.o)
    0x000002f8   0x000002f8   0x00000002   Code   RO          582    .ARM.Collect$$libshutdown$$00000010  c_w.l(libshutdown2.o)
    0x000002fa   0x000002fa   0x00000000   Code   RO          376    .ARM.Collect$$rtentry$$00000000  c_w.l(__rtentry.o)
    0x000002fa   0x000002fa   0x00000000   Code   RO          522    .ARM.Collect$$rtentry$$00000002  c_w.l(__rtentry2.o)
    0x000002fa   0x000002fa   0x00000006   Code   RO          534    .ARM.Collect$$rtentry$$00000004  c_w.l(__rtentry4.o)
    0x00000300   0x00000300   0x00000000   Code   RO          524    .ARM.Collect$$rtentry$$00000009  c_w.l(__rtentry2.o)
    0x00000300   0x00000300   0x00000004   Code   RO          525    .ARM.Collect$$rtentry$$0000000A  c_w.l(__rtentry2.o)
    0x00000304   0x00000304   0x00000000   Code   RO          527    .ARM.Collect$$rtentry$$0000000C  c_w.l(__rtentry2.o)
    0x00000304   0x00000304   0x00000008   Code   RO          528    .ARM.Collect$$rtentry$$0000000D  c_w.l(__rtentry2.o)
    0x0000030c   0x0000030c   0x00000002   Code   RO          774    .ARM.Collect$$rtexit$$00000000  c_w.l(rtexit.o)
    0x0000030e   0x0000030e   0x00000000   Code   RO          806    .ARM.Collect$$rtexit$$00000002  c_w.l(rtexit2.o)
    0x0000030e   0x0000030e   0x00000004   Code   RO          807    .ARM.Collect$$rtexit$$00000003  c_w.l(rtexit2.o)
    0x00000312   0x00000312   0x00000006   Code   RO          808    .ARM.Collect$$rtexit$$00000004  c_w.l(rtexit2.o)
    0x00000318   0x00000318   0x00000000   Code   RO          716    .emb_text           c_w.l(maybetermalloc1.o)
    0x00000318   0x00000318   0x00000130   Code   RO            4    .text               startup_tm4c123.o
    0x00000448   0x00000448   0x000002f0   Code   RO           10    .text               main.o
    0x00000738   0x00000738   0x0000007c   Code   RO          119    .text               pll.o
    0x000007b4   0x000007b4   0x00000040   Code   RO          135    .text               random.o
    0x000007f4   0x000007f4   0x000010b0   Code   RO          150    .text               st7735.o
    0x000018a4   0x000018a4   0x00000178   Code   RO          168    .text               slidepot.o
    0x00001a1c   0x00001a1c   0x00000070   Code   RO          200    .text               timer0.o
    0x00001a8c   0x00001a8c   0x00000070   Code   RO          216    .text               timer1.o
    0x00001afc   0x00001afc   0x0000005c   Code   RO          232    .text               uart.o
    0x00001b58   0x00001b58   0x0000001c   Code   RO          252    .text               fifo.o
    0x00001b74   0x00001b74   0x00000180   Code   RO          264    .text               playership.o
    0x00001cf4   0x00001cf4   0x0000001a   Code   RO          300    .text               sprite.o
    0x00001d0e   0x00001d0e   0x00000002   PAD
    0x00001d10   0x00001d10   0x000000c4   Code   RO          315    .text               bullet.o
    0x00001dd4   0x00001dd4   0x00000100   Code   RO          338    .text               buttons.o
    0x00001ed4   0x00001ed4   0x0000002e   Code   RO          356    .text               c_w.l(aeabi_atexit.o)
    0x00001f02   0x00001f02   0x00000006   Code   RO          359    .text               c_w.l(heapauxi.o)
    0x00001f08   0x00001f08   0x00000024   Code   RO          366    .text               c_w.l(init_aeabi.o)
    0x00001f2c   0x00001f2c   0x00000008   Code   RO          380    .text               c_w.l(rt_new_handler_addr_intlibspace.o)
    0x00001f34   0x00001f34   0x00000008   Code   RO          385    .text               c_w.l(rt_ddtor_pointer_addr_intlibspace.o)
    0x00001f3c   0x00001f3c   0x0000005e   Code   RO          391    .text               c_w.l(h1_alloc.o)
    0x00001f9a   0x00001f9a   0x0000004e   Code   RO          393    .text               c_w.l(h1_free.o)
    0x00001fe8   0x00001fe8   0x00000042   Code   RO          449    .text               c_w.l(cxa_finalize.o)
    0x0000202a   0x0000202a   0x00000004   Code   RO          500    .text               cpprt_w.l(arm_newhandler_noexceptions.o)
    0x0000202e   0x0000202e   0x00000002   PAD
    0x00002030   0x00002030   0x00000008   Code   RO          516    .text               c_w.l(libspace.o)
    0x00002038   0x00002038   0x00000008   Code   RO          539    .text               c_w.l(rt_heap_descriptor_intlibspace.o)
    0x00002040   0x00002040   0x00000004   Code   RO          541    .text               c_w.l(hguard.o)
    0x00002044   0x00002044   0x0000008a   Code   RO          543    .text               c_w.l(init_alloc.o)
    0x000020ce   0x000020ce   0x0000000e   Code   RO          547    .text               c_w.l(h1_init.o)
    0x000020dc   0x000020dc   0x0000001a   Code   RO          702    .text               cpprt_w.l(arm_exceptions_terminate.o)
    0x000020f6   0x000020f6   0x0000004a   Code   RO          712    .text               c_w.l(sys_stackheap_outer.o)
    0x00002140   0x00002140   0x00000034   Code   RO          718    .text               c_w.l(h1_extend.o)
    0x00002174   0x00002174   0x00000012   Code   RO          722    .text               c_w.l(exit.o)
    0x00002186   0x00002186   0x00000016   Code   RO          724    .text               c_w.l(abort.o)
    0x0000219c   0x0000219c   0x0000000e   Code   RO          726    .text               c_w.l(defsig_rtmem_outer.o)
    0x000021aa   0x000021aa   0x00000002   PAD
    0x000021ac   0x000021ac   0x00000050   Code   RO          759    .text               cpprt_w.l(arm_exceptions_globs.o)
    0x000021fc   0x000021fc   0x0000000c   Code   RO          769    .text               c_w.l(sys_exit.o)
    0x00002208   0x00002208   0x00000002   Code   RO          771    .text               c_w.l(use_no_semi.o)
    0x0000220a   0x0000220a   0x00000000   Code   RO          773    .text               c_w.l(indicate_semi.o)
    0x0000220a   0x0000220a   0x00000002   PAD
    0x0000220c   0x0000220c   0x00000008   Code   RO          781    .text               c_w.l(rt_eh_globals_addr_intlibspace.o)
    0x00002214   0x00002214   0x0000000a   Code   RO          787    .text               c_w.l(defsig_exit.o)
    0x0000221e   0x0000221e   0x0000000e   Code   RO          789    .text               c_w.l(defsig_abrt_outer.o)
    0x0000222c   0x0000222c   0x00000050   Code   RO          793    .text               c_w.l(defsig_rtmem_inner.o)
    0x0000227c   0x0000227c   0x0000003c   Code   RO          798    .text               cpprt_w.l(arm_exceptions_mem.o)
    0x000022b8   0x000022b8   0x00000032   Code   RO          818    .text               c_w.l(defsig_general.o)
    0x000022ea   0x000022ea   0x00000002   PAD
    0x000022ec   0x000022ec   0x00000030   Code   RO          820    .text               c_w.l(defsig_abrt_inner.o)
    0x0000231c   0x0000231c   0x0000000e   Code   RO          822    .text               c_w.l(sys_wrch.o)
    0x0000232a   0x0000232a   0x00000008   Code   RO          275    i._ZN6SpriteC1EPKthh  playership.o
    0x00002332   0x00002332   0x00000008   Code   RO          369    i._ZdlPv            cpprt_w.l(delete.o)
    0x0000233a   0x0000233a   0x00000002   PAD
    0x0000233c   0x0000233c   0x00000028   Code   RO          372    i._Znwj             cpprt_w.l(new.o)
    0x00002364   0x00002364   0x0000002e   Code   RO           26    t._ZN4ListI6BulletE6removeEP4NodeIS0_E  main.o
    0x00002392   0x00002392   0x0000001a   Code   RO           32    t._ZN4ListI6BulletED1Ev  main.o
    0x000023ac   0x000023ac   0x00000460   Data   RO           13    .constdata          main.o
    0x0000280c   0x0000280c   0x00000842   Data   RO          153    .constdata          st7735.o
    0x0000304e   0x0000304e   0x000007a8   Data   RO          266    .constdata          playership.o
    0x000037f6   0x000037f6   0x000000fa   Data   RO          317    .constdata          bullet.o
    0x000038f0   0x000038f0   0x00000020   Data   RO          843    Region$$Table       anon$$obj.o
    0x00003910   0x00003910   0x00000004   Data   RO           15    .init_array         main.o
    0x00003914   0x00003910   0x00000004   Data   RO          235    .init_array         uart.o
    0x00003918   0x00003910   0x00000000   Data   RO          364    .init_array         c_w.l(init_aeabi.o)


    Execution Region RW_IRAM1 (Exec base: 0x20000000, Load base: 0x00003918, Size: 0x00000920, Max: 0x00008000, ABSOLUTE)

    Exec Addr    Load Addr    Size         Type   Attr      Idx    E Section Name        Object

    0x20000000   0x00003918   0x00000012   Data   RW           14    .data               main.o
    0x20000012   0x0000392a   0x00000002   PAD
    0x20000014   0x0000392c   0x00000004   Data   RW          137    .data               random.o
    0x20000018   0x00003930   0x0000002c   Data   RW          154    .data               st7735.o
    0x20000044   0x0000395c   0x00000004   Data   RW          202    .data               timer0.o
    0x20000048   0x00003960   0x00000004   Data   RW          218    .data               timer1.o
    0x2000004c        -       0x0000003c   Zero   RW           12    .bss                main.o
    0x20000088        -       0x0000000c   Zero   RW          152    .bss                st7735.o
    0x20000094        -       0x00000028   Zero   RW          234    .bss                uart.o
    0x200000bc        -       0x00000060   Zero   RW          517    .bss                c_w.l(libspace.o)
    0x2000011c   0x00003964   0x00000004   PAD
    0x20000120        -       0x00000400   Zero   RW            2    HEAP                startup_tm4c123.o
    0x20000520        -       0x00000400   Zero   RW            1    STACK               startup_tm4c123.o


==============================================================================

Image component sizes


      Code (inc. data)   RO Data    RW Data    ZI Data      Debug   Object Name

       196          6        250          0          0       3261   bullet.o
       256         20          0          0          0        908   buttons.o
         0          0          0          0          0       1232   dac.o
        28          0          0          0          0       1220   fifo.o
       824         72       1124         18         60      13311   main.o
       392         22       1960          0          0       5984   playership.o
       124          4          0          0          0        455   pll.o
        64         12          0          4          0        870   random.o
       376         24          0          0          0       1802   slidepot.o
        26          0          0          0          0       1120   sprite.o
      4272        234       2114         44         12      16476   st7735.o
       304         28        620          0       2048       5608   startup_tm4c123.o
       112         22          0          4          0       1222   timer0.o
       112         22          0          4          0       1222   timer1.o
        92          4          4          0         40       2237   uart.o

    ----------------------------------------------------------------------
      7180        470       6104         76       2160      56928   Object Totals
         0          0         32          0          0          0   (incl. Generated)
         2          0          0          2          0          0   (incl. Padding)

    ----------------------------------------------------------------------

      Code (inc. data)   RO Data    RW Data    ZI Data      Debug   Library Member Name

         8          0          0          0          0         68   __main.o
         0          0          0          0          0          0   __rtentry.o
        12          0          0          0          0          0   __rtentry2.o
         6          0          0          0          0          0   __rtentry4.o
        52          8          0          0          0          0   __scatter.o
        26          0          0          0          0          0   __scatter_copy.o
        28          0          0          0          0          0   __scatter_zi.o
        22          0          0          0          0         80   abort.o
        46          0          0          0          0         84   aeabi_atexit.o
        66          0          0          0          0         84   cxa_finalize.o
        48         34          0          0          0         76   defsig_abrt_inner.o
        14          0          0          0          0         80   defsig_abrt_outer.o
        10          0          0          0          0         68   defsig_exit.o
        50          0          0          0          0         88   defsig_general.o
        80         58          0          0          0         76   defsig_rtmem_inner.o
        14          0          0          0          0         80   defsig_rtmem_outer.o
        18          0          0          0          0         80   exit.o
        94          0          0          0          0         80   h1_alloc.o
        52          0          0          0          0         68   h1_extend.o
        78          0          0          0          0         80   h1_free.o
        14          0          0          0          0         84   h1_init.o
         6          0          0          0          0        152   heapauxi.o
         4          0          0          0          0        136   hguard.o
         0          0          0          0          0          0   indicate_semi.o
        36         10          0          0          0         80   init_aeabi.o
       138          0          0          0          0        168   init_alloc.o
         2          0          0          0          0          0   libinit.o
        14          0          0          0          0          0   libinit2.o
         2          0          0          0          0          0   libshutdown.o
         8          0          0          0          0          0   libshutdown2.o
         8          4          0          0         96         68   libspace.o
         0          0          0          0          0          0   maybetermalloc1.o
         8          4          0          0          0         68   rt_ddtor_pointer_addr_intlibspace.o
         8          4          0          0          0         68   rt_eh_globals_addr_intlibspace.o
         8          4          0          0          0         68   rt_heap_descriptor_intlibspace.o
         8          4          0          0          0         68   rt_new_handler_addr_intlibspace.o
         2          0          0          0          0          0   rtexit.o
        10          0          0          0          0          0   rtexit2.o
        12          4          0          0          0         68   sys_exit.o
        74          0          0          0          0         80   sys_stackheap_outer.o
        14          0          0          0          0         76   sys_wrch.o
         2          0          0          0          0         68   use_no_semi.o
        80         12          0          0          0        104   arm_exceptions_globs.o
        60          0          0          0          0        108   arm_exceptions_mem.o
        26          0          0          0          0         76   arm_exceptions_terminate.o
         4          0          0          0          0         68   arm_newhandler_noexceptions.o
         8          0          0          0          0         76   delete.o
        40          6          0          0          0         76   new.o

    ----------------------------------------------------------------------
      1332        152          0          0        100       2852   Library Totals
        12          0          0          0          4          0   (incl. Padding)

    ----------------------------------------------------------------------

      Code (inc. data)   RO Data    RW Data    ZI Data      Debug   Library Name

      1102        134          0          0         96       2344   c_w.l
       218         18          0          0          0        508   cpprt_w.l

    ----------------------------------------------------------------------
      1332        152          0          0        100       2852   Library Totals

    ----------------------------------------------------------------------

==============================================================================


      Code (inc. data)   RO Data    RW Data    ZI Data      Debug   

      8512        622       6104         76       2260      56708   Grand Totals
      8512        622       6104         76       2260      56708   ELF Image Totals
      8512        622       6104         76          0          0   ROM Totals

==============================================================================

    Total RO  Size (Code + RO Data)                14616 (  14.27kB)
    Total RW  Size (RW Data + ZI Data)              2336 (   2.28kB)
    Total ROM Size (Code + RO Data + RW Data)      14692 (  14.35kB)

==============================================================================

